Component: ARM Compiler 5.06 update 6 (build 750) Tool: armlink [4d35ed]

==============================================================================

Section Cross References

    main.o(.text) refers to stm32f10x_gpio.o(.text) for GPIO_ResetBits
    main.o(.text) refers to delay.o(.text) for delay_ms
    main.o(.text) refers to sim900a.o(.text) for sim900a_send_cmd_tou_data
    main.o(.text) refers to stm32f10x_usart.o(.text) for USART_SendData
    main.o(.text) refers to misc.o(.text) for NVIC_PriorityGroupConfig
    main.o(.text) refers to usart.o(.text) for uart_init
    main.o(.text) refers to led.o(.text) for LED_Init
    main.o(.text) refers to usart2.o(.text) for USART2_Init
    main.o(.text) refers to usart3.o(.text) for USART3_Init
    main.o(.text) refers to usart4.o(.text) for USART4_Init
    main.o(.text) refers to printfa.o(i.__0printf) for __2printf
    main.o(.text) refers to lcd_u4.o(.text) for send_cmd_to_lcd_pic
    main.o(.text) refers to timer.o(.text) for TIM5_Int_Init
    system_stm32f10x.o(.text) refers to system_stm32f10x.o(.data) for SystemCoreClock
    md5.o(.text) refers to memcpya.o(.text) for __aeabi_memcpy
    md5.o(.text) refers to md5.o(.data) for PADDING
    led.o(.text) refers to stm32f10x_rcc.o(.text) for RCC_APB2PeriphClockCmd
    led.o(.text) refers to stm32f10x_gpio.o(.text) for GPIO_Init
    key.o(.text) refers to stm32f10x_rcc.o(.text) for RCC_APB2PeriphClockCmd
    key.o(.text) refers to stm32f10x_gpio.o(.text) for GPIO_PinRemapConfig
    key.o(.text) refers to delay.o(.text) for delay_ms
    key.o(.text) refers to key.o(.data) for key_up
    lcd.o(.text) refers to delay.o(.text) for delay_us
    lcd.o(.text) refers to lcd.o(.bss) for lcddev
    lcd.o(.text) refers to dfltui.o(.text) for __aeabi_ui2d
    lcd.o(.text) refers to dmul.o(.text) for __aeabi_dmul
    lcd.o(.text) refers to dfixui.o(.text) for __aeabi_d2uiz
    lcd.o(.text) refers to lcd.o(.data) for POINT_COLOR
    lcd.o(.text) refers to stm32f10x_rcc.o(.text) for RCC_APB2PeriphClockCmd
    lcd.o(.text) refers to stm32f10x_gpio.o(.text) for GPIO_PinRemapConfig
    lcd.o(.text) refers to printfa.o(i.__0printf) for __2printf
    lcd.o(.text) refers to lcd.o(.constdata) for asc2_1206
    spi.o(.text) refers to stm32f10x_spi.o(.text) for SPI_I2S_GetFlagStatus
    spi.o(.text) refers to stm32f10x_rcc.o(.text) for RCC_APB2PeriphClockCmd
    spi.o(.text) refers to stm32f10x_gpio.o(.text) for GPIO_Init
    spi.o(.text) refers to spi.o(.bss) for SPI_InitStructure
    flash.o(.text) refers to spi.o(.text) for SPI1_ReadWriteByte
    flash.o(.text) refers to stm32f10x_rcc.o(.text) for RCC_APB2PeriphClockCmd
    flash.o(.text) refers to stm32f10x_gpio.o(.text) for GPIO_Init
    flash.o(.text) refers to malloc.o(.text) for mymalloc
    flash.o(.text) refers to delay.o(.text) for delay_us
    flash.o(.text) refers to flash.o(.data) for SPI_FLASH_TYPE
    mmc_sd.o(.text) refers to spi.o(.text) for SPI1_ReadWriteByte
    mmc_sd.o(.text) refers to stm32f10x_rcc.o(.text) for RCC_APB2PeriphClockCmd
    mmc_sd.o(.text) refers to stm32f10x_gpio.o(.text) for GPIO_Init
    mmc_sd.o(.text) refers to mmc_sd.o(.data) for SD_Type
    myiic.o(.text) refers to stm32f10x_rcc.o(.text) for RCC_APB2PeriphClockCmd
    myiic.o(.text) refers to stm32f10x_gpio.o(.text) for GPIO_Init
    myiic.o(.text) refers to delay.o(.text) for delay_us
    24cxx.o(.text) refers to myiic.o(.text) for IIC_Init
    24cxx.o(.text) refers to delay.o(.text) for delay_ms
    touch.o(.text) refers to delay.o(.text) for delay_us
    touch.o(.text) refers to lcd.o(.text) for LCD_DrawLine
    touch.o(.text) refers to fflti.o(.text) for __aeabi_i2f
    touch.o(.text) refers to ffltui.o(.text) for __aeabi_ui2f
    touch.o(.text) refers to fmul.o(.text) for __aeabi_fmul
    touch.o(.text) refers to fadd.o(.text) for __aeabi_fadd
    touch.o(.text) refers to ffixui.o(.text) for __aeabi_f2uiz
    touch.o(.text) refers to ffixi.o(.text) for __aeabi_f2iz
    touch.o(.text) refers to 24cxx.o(.text) for AT24CXX_WriteLenByte
    touch.o(.text) refers to touch.o(.data) for CMD_RDX
    touch.o(.text) refers to lcd.o(.data) for POINT_COLOR
    touch.o(.text) refers to fdiv.o(.text) for __aeabi_fdiv
    touch.o(.text) refers to dfltui.o(.text) for __aeabi_ui2d
    touch.o(.text) refers to sqrt.o(i.sqrt) for sqrt
    touch.o(.text) refers to dfixui.o(.text) for __aeabi_d2uiz
    touch.o(.text) refers to lcd.o(.bss) for lcddev
    touch.o(.text) refers to touch.o(.constdata) for TP_ADJDIS_TBL
    touch.o(.text) refers to f2d.o(.text) for __aeabi_f2d
    touch.o(.text) refers to cdcmple.o(.text) for __aeabi_cdcmple
    touch.o(.text) refers to cdrcmple.o(.text) for __aeabi_cdrcmple
    touch.o(.text) refers to gt9147.o(.text) for GT9147_Init
    touch.o(.text) refers to ott2001a.o(.text) for OTT2001A_Init
    touch.o(.text) refers to ft5206.o(.text) for FT5206_Init
    touch.o(.text) refers to stm32f10x_rcc.o(.text) for RCC_APB2PeriphClockCmd
[...]
    LCD_RD_DATA                              0x08001041   Thumb Code    98  lcd.o(.text)
    LCD_WriteReg                             0x080010a3   Thumb Code    40  lcd.o(.text)
    LCD_ReadReg                              0x080010cb   Thumb Code    16  lcd.o(.text)
    LCD_WriteRAM_Prepare                     0x080010db   Thumb Code    12  lcd.o(.text)
    LCD_WriteRAM                             0x080010e7   Thumb Code    28  lcd.o(.text)
    LCD_BGR2RGB                              0x08001103   Thumb Code    26  lcd.o(.text)
    opt_delay                                0x0800111d   Thumb Code    14  lcd.o(.text)
    LCD_SetCursor                            0x0800112b   Thumb Code   956  lcd.o(.text)
    LCD_ReadPoint                            0x080014e7   Thumb Code   506  lcd.o(.text)
    LCD_DisplayOn                            0x080016e1   Thumb Code    92  lcd.o(.text)
    LCD_DisplayOff                           0x0800173d   Thumb Code    90  lcd.o(.text)
    LCD_Scan_Dir                             0x08001797   Thumb Code  1126  lcd.o(.text)
    LCD_DrawPoint                            0x08001bfd   Thumb Code    52  lcd.o(.text)
    LCD_Fast_DrawPoint                       0x08001c31   Thumb Code   854  lcd.o(.text)
    LCD_SSD_BackLightSet                     0x08001f87   Thumb Code   220  lcd.o(.text)
    LCD_Display_Dir                          0x08002063   Thumb Code   444  lcd.o(.text)
    LCD_Set_Window                           0x0800221f   Thumb Code  1078  lcd.o(.text)
    LCD_Clear                                0x08002655   Thumb Code   122  lcd.o(.text)
    LCD_Init                                 0x080026cf   Thumb Code 15298  lcd.o(.text)
    LCD_Fill                                 0x08006291   Thumb Code   200  lcd.o(.text)
    LCD_Color_Fill                           0x08006359   Thumb Code   116  lcd.o(.text)
    LCD_DrawLine                             0x080063cd   Thumb Code   176  lcd.o(.text)
    LCD_DrawRectangle                        0x0800647d   Thumb Code    60  lcd.o(.text)
    LCD_Draw_Circle                          0x080064b9   Thumb Code   152  lcd.o(.text)
    LCD_ShowChar                             0x08006551   Thumb Code   272  lcd.o(.text)
    LCD_Pow                                  0x08006661   Thumb Code    22  lcd.o(.text)
    LCD_ShowNum                              0x08006677   Thumb Code   180  lcd.o(.text)
    LCD_ShowxNum                             0x0800672b   Thumb Code   190  lcd.o(.text)
    LCD_ShowString                           0x080067e9   Thumb Code   102  lcd.o(.text)
    SPI1_ReadWriteByte                       0x08006851   Thumb Code    78  spi.o(.text)
    SPI1_Init                                0x0800689f   Thumb Code   108  spi.o(.text)
    SPI1_SetSpeed                            0x0800690b   Thumb Code    34  spi.o(.text)
    SPI_USART_IO_SET                         0x08006939   Thumb Code    82  flash.o(.text)
    SPI_Flash_ReadID                         0x0800698b   Thumb Code    64  flash.o(.text)
    SPI_Flash_Init                           0x080069cb   Thumb Code    64  flash.o(.text)
    SPI_Flash_ReadSR                         0x08006a0b   Thumb Code    36  flash.o(.text)
    SPI_FLASH_Write_SR                       0x08006a2f   Thumb Code    32  flash.o(.text)
    SPI_FLASH_Write_Enable                   0x08006a4f   Thumb Code    24  flash.o(.text)
    SPI_FLASH_Write_Disable                  0x08006a67   Thumb Code    24  flash.o(.text)
    SPI_Flash_Read                           0x08006a7f   Thumb Code    84  flash.o(.text)
    SPI_Flash_Wait_Busy                      0x08006ad3   Thumb Code    18  flash.o(.text)
    SPI_Flash_Write_Page                     0x08006ae5   Thumb Code    80  flash.o(.text)
    SPI_Flash_Write_NoCheck                  0x08006b35   Thumb Code    70  flash.o(.text)
    SPI_Flash_Erase_Sector                   0x08006b7b   Thumb Code    62  flash.o(.text)
    SPI_Flash_Write                          0x08006bb9   Thumb Code   208  flash.o(.text)
    SPI_Flash_Erase_Chip                     0x08006c89   Thumb Code    36  flash.o(.text)
    SPI_Flash_PowerDown                      0x08006cad   Thumb Code    30  flash.o(.text)
    SPI_Flash_WAKEUP                         0x08006ccb   Thumb Code    30  flash.o(.text)
    IIC_Init                                 0x08006cf9   Thumb Code    52  myiic.o(.text)
    IIC_Start                                0x08006d2d   Thumb Code    68  myiic.o(.text)
    IIC_Stop                                 0x08006d71   Thumb Code    62  myiic.o(.text)
    IIC_Wait_Ack                             0x08006daf   Thumb Code    86  myiic.o(.text)
    IIC_Ack                                  0x08006e05   Thumb Code    66  myiic.o(.text)
    IIC_NAck                                 0x08006e47   Thumb Code    66  myiic.o(.text)
    IIC_Send_Byte                            0x08006e89   Thumb Code    90  myiic.o(.text)
    IIC_Read_Byte                            0x08006ee3   Thumb Code    98  myiic.o(.text)
    AT24CXX_Init                             0x08006f51   Thumb Code     8  24cxx.o(.text)
    AT24CXX_ReadOneByte                      0x08006f59   Thumb Code    88  24cxx.o(.text)
    AT24CXX_WriteOneByte                     0x08006fb1   Thumb Code    80  24cxx.o(.text)
    AT24CXX_WriteLenByte                     0x08007001   Thumb Code    42  24cxx.o(.text)
    AT24CXX_ReadLenByte                      0x0800702b   Thumb Code    44  24cxx.o(.text)
    AT24CXX_Check                            0x08007057   Thumb Code    46  24cxx.o(.text)
    AT24CXX_Read                             0x08007085   Thumb Code    34  24cxx.o(.text)
    AT24CXX_Write                            0x080070a7   Thumb Code    36  24cxx.o(.text)
    TP_Write_Byte                            0x080070cd   Thumb Code    56  touch.o(.text)
    TP_Read_AD                               0x08007105   Thumb Code   132  touch.o(.text)
    TP_Read_XOY                              0x08007189   Thumb Code   120  touch.o(.text)
    TP_Read_XY                               0x08007201   Thumb Code    38  touch.o(.text)
    TP_Read_XY2                              0x08007227   Thumb Code   192  touch.o(.text)
    TP_Drow_Touch_Point                      0x080072e7   Thumb Code   108  touch.o(.text)
    TP_Draw_Big_Point                        0x08007353   Thumb Code    54  touch.o(.text)
    TP_Scan                                  0x08007389   Thumb Code   264  touch.o(.text)
    TP_Save_Adjdata                          0x08007491   Thumb Code   146  touch.o(.text)
    TP_Get_Adjdata                           0x08007523   Thumb Code   152  touch.o(.text)
    TP_Adj_Info_Show                         0x080075bb   Thumb Code   376  touch.o(.text)
    TP_Adjust                                0x08007733   Thumb Code  1250  touch.o(.text)
    TP_Init                                  0x08007c15   Thumb Code   348  touch.o(.text)
    CT_Delay                                 0x08007d71   Thumb Code    10  ctiic.o(.text)
    CT_IIC_Init                              0x08007d7b   Thumb Code    62  ctiic.o(.text)
    CT_IIC_Start                             0x08007db9   Thumb Code    60  ctiic.o(.text)
    CT_IIC_Stop                              0x08007df5   Thumb Code    64  ctiic.o(.text)
    CT_IIC_Wait_Ack                          0x08007e35   Thumb Code    86  ctiic.o(.text)
    CT_IIC_Ack                               0x08007e8b   Thumb Code    66  ctiic.o(.text)
    CT_IIC_NAck                              0x08007ecd   Thumb Code    66  ctiic.o(.text)
    CT_IIC_Send_Byte                         0x08007f0f   Thumb Code    82  ctiic.o(.text)
    CT_IIC_Read_Byte                         0x08007f61   Thumb Code    94  ctiic.o(.text)
    OTT2001A_WR_Reg                          0x08007fd1   Thumb Code    92  ott2001a.o(.text)
    OTT2001A_RD_Reg                          0x0800802d   Thumb Code    98  ott2001a.o(.text)
    OTT2001A_SensorControl                   0x0800808f   Thumb Code    28  ott2001a.o(.text)
    OTT2001A_Init                            0x080080ab   Thumb Code   156  ott2001a.o(.text)
    OTT2001A_Scan                            0x08008147   Thumb Code   446  ott2001a.o(.text)
    TIM4_Set                                 0x0800833d   Thumb Code    34  usart2.o(.text)
    USART2_IRQHandler                        0x0800835f   Thumb Code    84  usart2.o(.text)
    TIM4_Init                                0x080083b3   Thumb Code    82  usart2.o(.text)
    UART_DMA_Config                          0x08008405   Thumb Code    72  usart2.o(.text)
    USART2_Init                              0x0800844d   Thumb Code   204  usart2.o(.text)
    UART_DMA_Enable                          0x08008519   Thumb Code    32  usart2.o(.text)
    u2_printf                                0x08008539   Thumb Code    56  usart2.o(.text)
    TIM4_IRQHandler                          0x08008571   Thumb Code    40  usart2.o(.text)
    FT5206_WR_Reg                            0x080085b5   Thumb Code    82  ft5206.o(.text)
    FT5206_RD_Reg                            0x08008607   Thumb Code    88  ft5206.o(.text)
    FT5206_Init                              0x0800865f   Thumb Code   214  ft5206.o(.text)
    FT5206_Scan                              0x08008735   Thumb Code   400  ft5206.o(.text)
    GT9147_WR_Reg                            0x080088e9   Thumb Code    92  gt9147.o(.text)
    GT9147_Send_Cfg                          0x08008945   Thumb Code    86  gt9147.o(.text)
    GT9147_RD_Reg                            0x0800899b   Thumb Code    98  gt9147.o(.text)
    GT9147_Init                              0x080089fd   Thumb Code   242  gt9147.o(.text)
    GT9147_Scan                              0x08008aef   Thumb Code   408  gt9147.o(.text)
    TIM3_Set                                 0x08008cdf   Thumb Code    34  usart3.o(.text)
    USART3_IRQHandler                        0x08008d01   Thumb Code    84  usart3.o(.text)
    TIM3_Init                                0x08008d55   Thumb Code    78  usart3.o(.text)
    USART3_Init                              0x08008da3   Thumb Code   184  usart3.o(.text)
    TIM3_IRQHandler                          0x08008e5b   Thumb Code    40  usart3.o(.text)
    spear_uart3_send_datas                   0x08008e83   Thumb Code    44  usart3.o(.text)
    lock_at_response                         0x08008eaf   Thumb Code    86  usart3.o(.text)
    TIM2_Set                                 0x08008f19   Thumb Code    38  usart4.o(.text)
    UART4_IRQHandler                         0x08008f3f   Thumb Code    86  usart4.o(.text)
    TIM2_Init                                0x08008f95   Thumb Code    84  usart4.o(.text)
    USART4_Init                              0x08008fe9   Thumb Code   184  usart4.o(.text)
    TIM2_IRQHandler                          0x080090a1   Thumb Code    40  usart4.o(.text)
    spear_uart_send_datas                    0x080090c9   Thumb Code    14  usart4.o(.text)
    debug_uart4_send_datas                   0x080090d7   Thumb Code    14  usart4.o(.text)
    uart4_send_datas                         0x080090e5   Thumb Code    44  usart4.o(.text)
    cJSON_GetErrorPtr                        0x08009121   Thumb Code    12  cjson.o(.text)
    cJSON_IsString                           0x0800912d   Thumb Code    22  cjson.o(.text)
    cJSON_GetStringValue                     0x08009143   Thumb Code    20  cjson.o(.text)
    cJSON_Version                            0x08009157   Thumb Code    22  cjson.o(.text)
    cJSON_InitHooks                          0x080091ed   Thumb Code    82  cjson.o(.text)
    cJSON_Delete                             0x08009259   Thumb Code    84  cjson.o(.text)
    cJSON_SetNumberHelper                    0x080093db   Thumb Code    72  cjson.o(.text)
    cJSON_ParseWithOpts                      0x08009e97   Thumb Code   204  cjson.o(.text)
    cJSON_Parse                              0x08009f63   Thumb Code    16  cjson.o(.text)
    cJSON_Print                              0x0800a347   Thumb Code    16  cjson.o(.text)
    cJSON_PrintUnformatted                   0x0800a357   Thumb Code    16  cjson.o(.text)
    cJSON_PrintBuffered                      0x0800a367   Thumb Code    90  cjson.o(.text)
    cJSON_PrintPreallocated                  0x0800a3c1   Thumb Code    64  cjson.o(.text)
    cJSON_GetArraySize                       0x0800a401   Thumb Code    28  cjson.o(.text)
    cJSON_GetArrayItem                       0x0800a43b   Thumb Code    24  cjson.o(.text)
    cJSON_GetObjectItem                      0x0800a4a5   Thumb Code    18  cjson.o(.text)
    cJSON_GetObjectItemCaseSensitive         0x0800a4b7   Thumb Code    18  cjson.o(.text)
    cJSON_HasObjectItem                      0x0800a4c9   Thumb Code    24  cjson.o(.text)
    cJSON_AddItemToArray                     0x0800a551   Thumb Code    16  cjson.o(.text)
    cJSON_AddItemToObject                    0x0800a5d9   Thumb Code    26  cjson.o(.text)
    cJSON_AddItemToObjectCS                  0x0800a5f3   Thumb Code    26  cjson.o(.text)
    cJSON_AddItemReferenceToArray            0x0800a60d   Thumb Code    32  cjson.o(.text)
    cJSON_AddItemReferenceToObject           0x0800a62d   Thumb Code    44  cjson.o(.text)
    cJSON_CreateNull                         0x0800a659   Thumb Code    20  cjson.o(.text)
    cJSON_AddNullToObject                    0x0800a66d   Thumb Code    44  cjson.o(.text)
    cJSON_CreateTrue                         0x0800a699   Thumb Code    20  cjson.o(.text)
    cJSON_AddTrueToObject                    0x0800a6ad   Thumb Code    44  cjson.o(.text)
    cJSON_CreateFalse                        0x0800a6d9   Thumb Code    20  cjson.o(.text)
    cJSON_AddFalseToObject                   0x0800a6ed   Thumb Code    44  cjson.o(.text)
    cJSON_CreateBool                         0x0800a719   Thumb Code    32  cjson.o(.text)
    cJSON_AddBoolToObject                    0x0800a739   Thumb Code    48  cjson.o(.text)
    cJSON_CreateNumber                       0x0800a769   Thumb Code    82  cjson.o(.text)
    cJSON_AddNumberToObject                  0x0800a7bb   Thumb Code    56  cjson.o(.text)
    cJSON_CreateString                       0x0800a7f3   Thumb Code    46  cjson.o(.text)
    cJSON_AddStringToObject                  0x0800a821   Thumb Code    48  cjson.o(.text)
    cJSON_CreateRaw                          0x0800a851   Thumb Code    46  cjson.o(.text)
    cJSON_AddRawToObject                     0x0800a87f   Thumb Code    48  cjson.o(.text)
    cJSON_CreateObject                       0x0800a8af   Thumb Code    20  cjson.o(.text)
    cJSON_AddObjectToObject                  0x0800a8c3   Thumb Code    44  cjson.o(.text)
    cJSON_CreateArray                        0x0800a8ef   Thumb Code    20  cjson.o(.text)
    cJSON_AddArrayToObject                   0x0800a903   Thumb Code    44  cjson.o(.text)
    cJSON_DetachItemViaPointer               0x0800a92f   Thumb Code    50  cjson.o(.text)
    cJSON_DetachItemFromArray                0x0800a961   Thumb Code    34  cjson.o(.text)
    cJSON_DeleteItemFromArray                0x0800a983   Thumb Code    22  cjson.o(.text)
    cJSON_DetachItemFromObject               0x0800a999   Thumb Code    26  cjson.o(.text)
    cJSON_DetachItemFromObjectCaseSensitive  0x0800a9b3   Thumb Code    26  cjson.o(.text)
    cJSON_DeleteItemFromObject               0x0800a9cd   Thumb Code    22  cjson.o(.text)
    cJSON_DeleteItemFromObjectCaseSensitive  0x0800a9e3   Thumb Code    22  cjson.o(.text)
    cJSON_InsertItemInArray                  0x0800a9f9   Thumb Code    68  cjson.o(.text)
    cJSON_ReplaceItemViaPointer              0x0800aa3d   Thumb Code    74  cjson.o(.text)
    cJSON_ReplaceItemInArray                 0x0800aa87   Thumb Code    42  cjson.o(.text)
    cJSON_free                               0x0800aab1   Thumb Code    14  cjson.o(.text)
    cJSON_ReplaceItemInObject                0x0800ab13   Thumb Code    38  cjson.o(.text)
    cJSON_ReplaceItemInObjectCaseSensitive   0x0800ab39   Thumb Code    22  cjson.o(.text)
    cJSON_CreateStringReference              0x0800ab4f   Thumb Code    32  cjson.o(.text)
    cJSON_CreateObjectReference              0x0800ab6f   Thumb Code    32  cjson.o(.text)
    cJSON_CreateArrayReference               0x0800ab8f   Thumb Code    32  cjson.o(.text)
    cJSON_CreateIntArray                     0x0800abaf   Thumb Code   102  cjson.o(.text)
    cJSON_CreateFloatArray                   0x0800ac15   Thumb Code   102  cjson.o(.text)
    cJSON_CreateDoubleArray                  0x0800ac7b   Thumb Code   100  cjson.o(.text)
    cJSON_CreateStringArray                  0x0800acdf   Thumb Code    94  cjson.o(.text)
    cJSON_Duplicate                          0x0800ad3d   Thumb Code   178  cjson.o(.text)
    cJSON_Minify                             0x0800aebf   Thumb Code   158  cjson.o(.text)
    cJSON_IsInvalid                          0x0800af5d   Thumb Code    20  cjson.o(.text)
    cJSON_IsFalse                            0x0800af71   Thumb Code    20  cjson.o(.text)
    cJSON_IsTrue                             0x0800af85   Thumb Code    22  cjson.o(.text)
    cJSON_IsBool                             0x0800af9b   Thumb Code    24  cjson.o(.text)
    cJSON_IsNull                             0x0800afb3   Thumb Code    22  cjson.o(.text)
    cJSON_IsNumber                           0x0800afc9   Thumb Code    22  cjson.o(.text)
    cJSON_IsArray                            0x0800afdf   Thumb Code    22  cjson.o(.text)
    cJSON_IsObject                           0x0800aff5   Thumb Code    22  cjson.o(.text)
    cJSON_IsRaw                              0x0800b00b   Thumb Code    22  cjson.o(.text)
    cJSON_Compare                            0x0800b021   Thumb Code   392  cjson.o(.text)
    cJSON_malloc                             0x0800b1a9   Thumb Code    14  cjson.o(.text)
    itoa                                     0x0800b1cf   Thumb Code   170  lcd_u4.o(.text)
    ltoa                                     0x0800b279   Thumb Code   170  lcd_u4.o(.text)
    HexToStr                                 0x0800b323   Thumb Code    82  lcd_u4.o(.text)
    StrToHex                                 0x0800b375   Thumb Code    80  lcd_u4.o(.text)
    send_cmd_to_lcd_pic                      0x0800b3c5   Thumb Code   118  lcd_u4.o(.text)
    cjson_to_struct_info_qujianma_opendoor   0x0800b43b   Thumb Code   228  lcd_u4.o(.text)
    send_cmd_to_lcd_bl_len                   0x0800b51f   Thumb Code   128  lcd_u4.o(.text)
    reset_qujianma_timeout                   0x0800b59f   Thumb Code    54  lcd_u4.o(.text)
    send_cmd_to_lcd_bl                       0x0800b5d5   Thumb Code   128  lcd_u4.o(.text)
    shangping_exe                            0x0800b655   Thumb Code  1182  lcd_u4.o(.text)
    lcd_at_response                          0x0800baf3   Thumb Code  1490  lcd_u4.o(.text)
    ComputXor                                0x0800c0c5   Thumb Code    26  lcd_u4.o(.text)
    send_cmd_to_lock                         0x0800c0df   Thumb Code   134  lcd_u4.o(.text)
    send_cmd_to_lock_all                     0x0800c165   Thumb Code   122  lcd_u4.o(.text)
    TIM5_Set                                 0x0800c213   Thumb Code    34  timer.o(.text)
    TIM5_Int_Init                            0x0800c235   Thumb Code    98  timer.o(.text)
    TIM5_IRQHandler                          0x0800c297   Thumb Code   150  timer.o(.text)
    IWDG_Init                                0x0800c353   Thumb Code    36  iwdg.o(.text)
    IWDG_Feed                                0x0800c377   Thumb Code     8  iwdg.o(.text)
    delay_init                               0x0800c381   Thumb Code    50  delay.o(.text)
    delay_us                                 0x0800c3b3   Thumb Code    72  delay.o(.text)
    delay_ms                                 0x0800c3fb   Thumb Code    72  delay.o(.text)
    _sys_exit                                0x0800c455   Thumb Code     6  usart.o(.text)
    fputc                                    0x0800c45b   Thumb Code    24  usart.o(.text)
    uart_init                                0x0800c473   Thumb Code   152  usart.o(.text)
    USART1_IRQHandler                        0x0800c50b   Thumb Code   122  usart.o(.text)
    Reset_Handler                            0x0800c595   Thumb Code     8  startup_stm32f10x_hd.o(.text)
    ADC1_2_IRQHandler                        0x0800c5af   Thumb Code     0  startup_stm32f10x_hd.o(.text)
    ADC3_IRQHandler                          0x0800c5af   Thumb Code     0  startup_stm32f10x_hd.o(.text)
    CAN1_RX1_IRQHandler                      0x0800c5af   Thumb Code     0  startup_stm32f10x_hd.o(.text)
    CAN1_SCE_IRQHandler                      0x0800c5af   Thumb Code     0  startup_stm32f10x_hd.o(.text)
    DMA1_Channel1_IRQHandler                 0x0800c5af   Thumb Code     0  startup_stm32f10x_hd.o(.text)
    DMA1_Channel2_IRQHandler                 0x0800c5af   Thumb Code     0  startup_stm32f10x_hd.o(.text)
    DMA1_Channel3_IRQHandler                 0x0800c5af   Thumb Code     0  startup_stm32f10x_hd.o(.text)
    DMA1_Channel4_IRQHandler                 0x0800c5af   Thumb Code     0  startup_stm32f10x_hd.o(.text)
    DMA1_Channel5_IRQHandler                 0x0800c5af   Thumb Code     0  startup_stm32f10x_hd.o(.text)
    DMA1_Channel6_IRQHandler                 0x0800c5af   Thumb Code     0  startup_stm32f10x_hd.o(.text)
    DMA1_Channel7_IRQHandler                 0x0800c5af   Thumb Code     0  startup_stm32f10x_hd.o(.text)
    DMA2_Channel1_IRQHandler                 0x0800c5af   Thumb Code     0  startup_stm32f10x_hd.o(.text)
    DMA2_Channel2_IRQHandler                 0x0800c5af   Thumb Code     0  startup_stm32f10x_hd.o(.text)
    DMA2_Channel3_IRQHandler                 0x0800c5af   Thumb Code     0  startup_stm32f10x_hd.o(.text)
    DMA2_Channel4_5_IRQHandler               0x0800c5af   Thumb Code     0  startup_stm32f10x_hd.o(.text)
    EXTI0_IRQHandler                         0x0800c5af   Thumb Code     0  startup_stm32f10x_hd.o(.text)
    EXTI15_10_IRQHandler                     0x0800c5af   Thumb Code     0  startup_stm32f10x_hd.o(.text)
    EXTI1_IRQHandler                         0x0800c5af   Thumb Code     0  startup_stm32f10x_hd.o(.text)
    EXTI2_IRQHandler                         0x0800c5af   Thumb Code     0  startup_stm32f10x_hd.o(.text)
    EXTI3_IRQHandler                         0x0800c5af   Thumb Code     0  startup_stm32f10x_hd.o(.text)
    EXTI4_IRQHandler                         0x0800c5af   Thumb Code     0  startup_stm32f10x_hd.o(.text)
    EXTI9_5_IRQHandler                       0x0800c5af   Thumb Code     0  startup_stm32f10x_hd.o(.text)
    FLASH_IRQHandler                         0x0800c5af   Thumb Code     0  startup_stm32f10x_hd.o(.text)
    FSMC_IRQHandler                          0x0800c5af   Thumb Code     0  startup_stm32f10x_hd.o(.text)
    I2C1_ER_IRQHandler                       0x0800c5af   Thumb Code     0  startup_stm32f10x_hd.o(.text)
    I2C1_EV_IRQHandler                       0x0800c5af   Thumb Code     0  startup_stm32f10x_hd.o(.text)
    I2C2_ER_IRQHandler                       0x0800c5af   Thumb Code     0  startup_stm32f10x_hd.o(.text)
    I2C2_EV_IRQHandler                       0x0800c5af   Thumb Code     0  startup_stm32f10x_hd.o(.text)
    PVD_IRQHandler                           0x0800c5af   Thumb Code     0  startup_stm32f10x_hd.o(.text)
    RCC_IRQHandler                           0x0800c5af   Thumb Code     0  startup_stm32f10x_hd.o(.text)
    RTCAlarm_IRQHandler                      0x0800c5af   Thumb Code     0  startup_stm32f10x_hd.o(.text)
    RTC_IRQHandler                           0x0800c5af   Thumb Code     0  startup_stm32f10x_hd.o(.text)
    SDIO_IRQHandler                          0x0800c5af   Thumb Code     0  startup_stm32f10x_hd.o(.text)
    SPI1_IRQHandler                          0x0800c5af   Thumb Code     0  startup_stm32f10x_hd.o(.text)
    SPI2_IRQHandler                          0x0800c5af   Thumb Code     0  startup_stm32f10x_hd.o(.text)
    SPI3_IRQHandler                          0x0800c5af   Thumb Code     0  startup_stm32f10x_hd.o(.text)
    TAMPER_IRQHandler                        0x0800c5af   Thumb Code     0  startup_stm32f10x_hd.o(.text)
    TIM1_BRK_IRQHandler                      0x0800c5af   Thumb Code     0  startup_stm32f10x_hd.o(.text)
    TIM1_CC_IRQHandler                       0x0800c5af   Thumb Code     0  startup_stm32f10x_hd.o(.text)
    TIM1_TRG_COM_IRQHandler                  0x0800c5af   Thumb Code     0  startup_stm32f10x_hd.o(.text)
    TIM1_UP_IRQHandler                       0x0800c5af   Thumb Code     0  startup_stm32f10x_hd.o(.text)
    TIM6_IRQHandler                          0x0800c5af   Thumb Code     0  startup_stm32f10x_hd.o(.text)
    TIM7_IRQHandler                          0x0800c5af   Thumb Code     0  startup_stm32f10x_hd.o(.text)
    TIM8_BRK_IRQHandler                      0x0800c5af   Thumb Code     0  startup_stm32f10x_hd.o(.text)
    TIM8_CC_IRQHandler                       0x0800c5af   Thumb Code     0  startup_stm32f10x_hd.o(.text)
    TIM8_TRG_COM_IRQHandler                  0x0800c5af   Thumb Code     0  startup_stm32f10x_hd.o(.text)
    TIM8_UP_IRQHandler                       0x0800c5af   Thumb Code     0  startup_stm32f10x_hd.o(.text)
    UART5_IRQHandler                         0x0800c5af   Thumb Code     0  startup_stm32f10x_hd.o(.text)
    USBWakeUp_IRQHandler                     0x0800c5af   Thumb Code     0  startup_stm32f10x_hd.o(.text)
    USB_HP_CAN1_TX_IRQHandler                0x0800c5af   Thumb Code     0  startup_stm32f10x_hd.o(.text)
    USB_LP_CAN1_RX0_IRQHandler               0x0800c5af   Thumb Code     0  startup_stm32f10x_hd.o(.text)
    WWDG_IRQHandler                          0x0800c5af   Thumb Code     0  startup_stm32f10x_hd.o(.text)
    GPIO_DeInit                              0x0800c5b9   Thumb Code   172  stm32f10x_gpio.o(.text)
    GPIO_AFIODeInit                          0x0800c665   Thumb Code    20  stm32f10x_gpio.o(.text)
    GPIO_Init                                0x0800c679   Thumb Code   278  stm32f10x_gpio.o(.text)
    GPIO_StructInit                          0x0800c78f   Thumb Code    16  stm32f10x_gpio.o(.text)
    GPIO_ReadInputDataBit                    0x0800c79f   Thumb Code    18  stm32f10x_gpio.o(.text)
    GPIO_ReadInputData                       0x0800c7b1   Thumb Code     8  stm32f10x_gpio.o(.text)
    GPIO_ReadOutputDataBit                   0x0800c7b9   Thumb Code    18  stm32f10x_gpio.o(.text)
    GPIO_ReadOutputData                      0x0800c7cb   Thumb Code     8  stm32f10x_gpio.o(.text)
    GPIO_SetBits                             0x0800c7d3   Thumb Code     4  stm32f10x_gpio.o(.text)
    GPIO_ResetBits                           0x0800c7d7   Thumb Code     4  stm32f10x_gpio.o(.text)
    GPIO_WriteBit                            0x0800c7db   Thumb Code    10  stm32f10x_gpio.o(.text)
    GPIO_Write                               0x0800c7e5   Thumb Code     4  stm32f10x_gpio.o(.text)
    GPIO_PinLockConfig                       0x0800c7e9   Thumb Code    18  stm32f10x_gpio.o(.text)
    GPIO_EventOutputConfig                   0x0800c7fb   Thumb Code    26  stm32f10x_gpio.o(.text)
    GPIO_EventOutputCmd                      0x0800c815   Thumb Code     6  stm32f10x_gpio.o(.text)
    GPIO_PinRemapConfig                      0x0800c81b   Thumb Code   138  stm32f10x_gpio.o(.text)
    GPIO_EXTILineConfig                      0x0800c8a5   Thumb Code    66  stm32f10x_gpio.o(.text)
    GPIO_ETH_MediaInterfaceConfig            0x0800c8e7   Thumb Code     8  stm32f10x_gpio.o(.text)
    RCC_DeInit                               0x0800c915   Thumb Code    64  stm32f10x_rcc.o(.text)
    RCC_HSEConfig                            0x0800c955   Thumb Code    70  stm32f10x_rcc.o(.text)
    RCC_GetFlagStatus                        0x0800c99b   Thumb Code    56  stm32f10x_rcc.o(.text)
    RCC_WaitForHSEStartUp                    0x0800c9d3   Thumb Code    56  stm32f10x_rcc.o(.text)
    RCC_AdjustHSICalibrationValue            0x0800ca0b   Thumb Code    20  stm32f10x_rcc.o(.text)
    RCC_HSICmd                               0x0800ca1f   Thumb Code     6  stm32f10x_rcc.o(.text)
    RCC_PLLConfig                            0x0800ca25   Thumb Code    24  stm32f10x_rcc.o(.text)
    RCC_PLLCmd                               0x0800ca3d   Thumb Code     6  stm32f10x_rcc.o(.text)
    RCC_SYSCLKConfig                         0x0800ca43   Thumb Code    18  stm32f10x_rcc.o(.text)
    RCC_GetSYSCLKSource                      0x0800ca55   Thumb Code    10  stm32f10x_rcc.o(.text)
    RCC_HCLKConfig                           0x0800ca5f   Thumb Code    18  stm32f10x_rcc.o(.text)
    RCC_PCLK1Config                          0x0800ca71   Thumb Code    18  stm32f10x_rcc.o(.text)
    RCC_PCLK2Config                          0x0800ca83   Thumb Code    20  stm32f10x_rcc.o(.text)
    RCC_ITConfig                             0x0800ca97   Thumb Code    26  stm32f10x_rcc.o(.text)
    RCC_USBCLKConfig                         0x0800cab1   Thumb Code     8  stm32f10x_rcc.o(.text)
    RCC_ADCCLKConfig                         0x0800cab9   Thumb Code    18  stm32f10x_rcc.o(.text)
    RCC_LSEConfig                            0x0800cacb   Thumb Code    50  stm32f10x_rcc.o(.text)
    RCC_LSICmd                               0x0800cafd   Thumb Code     6  stm32f10x_rcc.o(.text)
    RCC_RTCCLKConfig                         0x0800cb03   Thumb Code    12  stm32f10x_rcc.o(.text)
    RCC_RTCCLKCmd                            0x0800cb0f   Thumb Code     8  stm32f10x_rcc.o(.text)
    RCC_GetClocksFreq                        0x0800cb17   Thumb Code   192  stm32f10x_rcc.o(.text)
    RCC_AHBPeriphClockCmd                    0x0800cbd7   Thumb Code    26  stm32f10x_rcc.o(.text)
    RCC_APB2PeriphClockCmd                   0x0800cbf1   Thumb Code    26  stm32f10x_rcc.o(.text)
    RCC_APB1PeriphClockCmd                   0x0800cc0b   Thumb Code    26  stm32f10x_rcc.o(.text)
    RCC_APB2PeriphResetCmd                   0x0800cc25   Thumb Code    26  stm32f10x_rcc.o(.text)
    RCC_APB1PeriphResetCmd                   0x0800cc3f   Thumb Code    26  stm32f10x_rcc.o(.text)
    RCC_BackupResetCmd                       0x0800cc59   Thumb Code     8  stm32f10x_rcc.o(.text)
    RCC_ClockSecuritySystemCmd               0x0800cc61   Thumb Code     6  stm32f10x_rcc.o(.text)
    RCC_MCOConfig                            0x0800cc67   Thumb Code     6  stm32f10x_rcc.o(.text)
    RCC_ClearFlag                            0x0800cc6d   Thumb Code    14  stm32f10x_rcc.o(.text)
    RCC_GetITStatus                          0x0800cc7b   Thumb Code    20  stm32f10x_rcc.o(.text)
    RCC_ClearITPendingBit                    0x0800cc8f   Thumb Code     6  stm32f10x_rcc.o(.text)
    USART_DeInit                             0x0800ccb9   Thumb Code   134  stm32f10x_usart.o(.text)
    USART_Init                               0x0800cd3f   Thumb Code   210  stm32f10x_usart.o(.text)
    USART_StructInit                         0x0800ce11   Thumb Code    24  stm32f10x_usart.o(.text)
    USART_ClockInit                          0x0800ce29   Thumb Code    34  stm32f10x_usart.o(.text)
    USART_ClockStructInit                    0x0800ce4b   Thumb Code    12  stm32f10x_usart.o(.text)
    USART_Cmd                                0x0800ce57   Thumb Code    24  stm32f10x_usart.o(.text)
    USART_ITConfig                           0x0800ce6f   Thumb Code    74  stm32f10x_usart.o(.text)
    USART_DMACmd                             0x0800ceb9   Thumb Code    18  stm32f10x_usart.o(.text)
    USART_SetAddress                         0x0800cecb   Thumb Code    18  stm32f10x_usart.o(.text)
    USART_WakeUpConfig                       0x0800cedd   Thumb Code    18  stm32f10x_usart.o(.text)
    USART_ReceiverWakeUpCmd                  0x0800ceef   Thumb Code    24  stm32f10x_usart.o(.text)
    USART_LINBreakDetectLengthConfig         0x0800cf07   Thumb Code    18  stm32f10x_usart.o(.text)
    USART_LINCmd                             0x0800cf19   Thumb Code    24  stm32f10x_usart.o(.text)
    USART_SendData                           0x0800cf31   Thumb Code     8  stm32f10x_usart.o(.text)
    USART_ReceiveData                        0x0800cf39   Thumb Code    10  stm32f10x_usart.o(.text)
    USART_SendBreak                          0x0800cf43   Thumb Code    10  stm32f10x_usart.o(.text)
    USART_SetGuardTime                       0x0800cf4d   Thumb Code    16  stm32f10x_usart.o(.text)
    USART_SetPrescaler                       0x0800cf5d   Thumb Code    16  stm32f10x_usart.o(.text)
    USART_SmartCardCmd                       0x0800cf6d   Thumb Code    24  stm32f10x_usart.o(.text)
    USART_SmartCardNACKCmd                   0x0800cf85   Thumb Code    24  stm32f10x_usart.o(.text)
    USART_HalfDuplexCmd                      0x0800cf9d   Thumb Code    24  stm32f10x_usart.o(.text)
    USART_OverSampling8Cmd                   0x0800cfb5   Thumb Code    22  stm32f10x_usart.o(.text)
    USART_OneBitMethodCmd                    0x0800cfcb   Thumb Code    24  stm32f10x_usart.o(.text)
    USART_IrDAConfig                         0x0800cfe3   Thumb Code    18  stm32f10x_usart.o(.text)
    USART_IrDACmd                            0x0800cff5   Thumb Code    24  stm32f10x_usart.o(.text)
    USART_GetFlagStatus                      0x0800d00d   Thumb Code    26  stm32f10x_usart.o(.text)
    USART_ClearFlag                          0x0800d027   Thumb Code    18  stm32f10x_usart.o(.text)
    USART_GetITStatus                        0x0800d039   Thumb Code    84  stm32f10x_usart.o(.text)
    USART_ClearITPendingBit                  0x0800d08d   Thumb Code    52  stm32f10x_usart.o(.text)
    NVIC_PriorityGroupConfig                 0x0800d0c1   Thumb Code    10  misc.o(.text)
    NVIC_Init                                0x0800d0cb   Thumb Code   100  misc.o(.text)
    NVIC_SetVectorTable                      0x0800d12f   Thumb Code    14  misc.o(.text)
    NVIC_SystemLPConfig                      0x0800d13d   Thumb Code    34  misc.o(.text)
    SysTick_CLKSourceConfig                  0x0800d15f   Thumb Code    40  misc.o(.text)
    SPI_I2S_DeInit                           0x0800d19d   Thumb Code    76  stm32f10x_spi.o(.text)
    SPI_Init                                 0x0800d1e9   Thumb Code    60  stm32f10x_spi.o(.text)
    I2S_Init                                 0x0800d225   Thumb Code   226  stm32f10x_spi.o(.text)
    SPI_StructInit                           0x0800d307   Thumb Code    24  stm32f10x_spi.o(.text)
    I2S_StructInit                           0x0800d31f   Thumb Code    20  stm32f10x_spi.o(.text)
    SPI_Cmd                                  0x0800d333   Thumb Code    24  stm32f10x_spi.o(.text)
    I2S_Cmd                                  0x0800d34b   Thumb Code    24  stm32f10x_spi.o(.text)
    SPI_I2S_ITConfig                         0x0800d363   Thumb Code    32  stm32f10x_spi.o(.text)
    SPI_I2S_DMACmd                           0x0800d383   Thumb Code    18  stm32f10x_spi.o(.text)
    SPI_I2S_SendData                         0x0800d395   Thumb Code     4  stm32f10x_spi.o(.text)
    SPI_I2S_ReceiveData                      0x0800d399   Thumb Code     6  stm32f10x_spi.o(.text)
    SPI_NSSInternalSoftwareConfig            0x0800d39f   Thumb Code    30  stm32f10x_spi.o(.text)
    SPI_SSOutputCmd                          0x0800d3bd   Thumb Code    24  stm32f10x_spi.o(.text)
    SPI_DataSizeConfig                       0x0800d3d5   Thumb Code    18  stm32f10x_spi.o(.text)
    SPI_TransmitCRC                          0x0800d3e7   Thumb Code    10  stm32f10x_spi.o(.text)
    SPI_CalculateCRC                         0x0800d3f1   Thumb Code    24  stm32f10x_spi.o(.text)
    SPI_GetCRC                               0x0800d409   Thumb Code    16  stm32f10x_spi.o(.text)
    SPI_GetCRCPolynomial                     0x0800d419   Thumb Code     6  stm32f10x_spi.o(.text)
    SPI_BiDirectionalLineConfig              0x0800d41f   Thumb Code    28  stm32f10x_spi.o(.text)
    SPI_I2S_GetFlagStatus                    0x0800d43b   Thumb Code    18  stm32f10x_spi.o(.text)
    SPI_I2S_ClearFlag                        0x0800d44d   Thumb Code     6  stm32f10x_spi.o(.text)
    SPI_I2S_GetITStatus                      0x0800d453   Thumb Code    52  stm32f10x_spi.o(.text)
    SPI_I2S_ClearITPendingBit                0x0800d487   Thumb Code    20  stm32f10x_spi.o(.text)
    TIM_DeInit                               0x0800d4a9   Thumb Code   424  stm32f10x_tim.o(.text)
    TIM_TimeBaseInit                         0x0800d651   Thumb Code   122  stm32f10x_tim.o(.text)
    TIM_OC1Init                              0x0800d6cb   Thumb Code   132  stm32f10x_tim.o(.text)
    TIM_OC2Init                              0x0800d74f   Thumb Code   154  stm32f10x_tim.o(.text)
    TIM_OC3Init                              0x0800d7e9   Thumb Code   150  stm32f10x_tim.o(.text)
    TIM_OC4Init                              0x0800d87f   Thumb Code   182  stm32f10x_tim.o(.text)
    TIM_SetIC4Prescaler                      0x0800d935   Thumb Code    26  stm32f10x_tim.o(.text)
    TIM_SetIC3Prescaler                      0x0800d9d1   Thumb Code    18  stm32f10x_tim.o(.text)
    TIM_SetIC2Prescaler                      0x0800da5d   Thumb Code    26  stm32f10x_tim.o(.text)
    TIM_SetIC1Prescaler                      0x0800daf9   Thumb Code    18  stm32f10x_tim.o(.text)
    TIM_ICInit                               0x0800db77   Thumb Code   150  stm32f10x_tim.o(.text)
    TIM_PWMIConfig                           0x0800dc0d   Thumb Code   124  stm32f10x_tim.o(.text)
    TIM_BDTRConfig                           0x0800dc89   Thumb Code    32  stm32f10x_tim.o(.text)
    TIM_TimeBaseStructInit                   0x0800dca9   Thumb Code    18  stm32f10x_tim.o(.text)
    TIM_OCStructInit                         0x0800dcbb   Thumb Code    20  stm32f10x_tim.o(.text)
    TIM_ICStructInit                         0x0800dccf   Thumb Code    18  stm32f10x_tim.o(.text)
    TIM_BDTRStructInit                       0x0800dce1   Thumb Code    40  stm32f10x_tim.o(.text)
    TIM_Cmd                                  0x0800dd09   Thumb Code    24  stm32f10x_tim.o(.text)
    TIM_CtrlPWMOutputs                       0x0800dd21   Thumb Code    30  stm32f10x_tim.o(.text)
    TIM_ITConfig                             0x0800dd3f   Thumb Code    18  stm32f10x_tim.o(.text)
    TIM_GenerateEvent                        0x0800dd51   Thumb Code     4  stm32f10x_tim.o(.text)
    TIM_DMAConfig                            0x0800dd55   Thumb Code    10  stm32f10x_tim.o(.text)
    TIM_DMACmd                               0x0800dd5f   Thumb Code    18  stm32f10x_tim.o(.text)
    TIM_InternalClockConfig                  0x0800dd71   Thumb Code    12  stm32f10x_tim.o(.text)
    TIM_SelectInputTrigger                   0x0800dd7d   Thumb Code    18  stm32f10x_tim.o(.text)
    TIM_ITRxExternalClockConfig              0x0800dd8f   Thumb Code    24  stm32f10x_tim.o(.text)
    TIM_TIxExternalClockConfig               0x0800dda7   Thumb Code    62  stm32f10x_tim.o(.text)
    TIM_ETRConfig                            0x0800dde5   Thumb Code    28  stm32f10x_tim.o(.text)
    TIM_ETRClockMode1Config                  0x0800de01   Thumb Code    54  stm32f10x_tim.o(.text)
    TIM_ETRClockMode2Config                  0x0800de37   Thumb Code    32  stm32f10x_tim.o(.text)
    TIM_PrescalerConfig                      0x0800de57   Thumb Code     6  stm32f10x_tim.o(.text)
    TIM_CounterModeConfig                    0x0800de5d   Thumb Code    18  stm32f10x_tim.o(.text)
    TIM_EncoderInterfaceConfig               0x0800de6f   Thumb Code    66  stm32f10x_tim.o(.text)
    TIM_ForcedOC1Config                      0x0800deb1   Thumb Code    18  stm32f10x_tim.o(.text)
    TIM_ForcedOC2Config                      0x0800dec3   Thumb Code    26  stm32f10x_tim.o(.text)
    TIM_ForcedOC3Config                      0x0800dedd   Thumb Code    18  stm32f10x_tim.o(.text)
    TIM_ForcedOC4Config                      0x0800deef   Thumb Code    26  stm32f10x_tim.o(.text)
    TIM_ARRPreloadConfig                     0x0800df09   Thumb Code    24  stm32f10x_tim.o(.text)
    TIM_SelectCOM                            0x0800df21   Thumb Code    24  stm32f10x_tim.o(.text)
    TIM_SelectCCDMA                          0x0800df39   Thumb Code    24  stm32f10x_tim.o(.text)
    TIM_CCPreloadControl                     0x0800df51   Thumb Code    24  stm32f10x_tim.o(.text)
    TIM_OC1PreloadConfig                     0x0800df69   Thumb Code    18  stm32f10x_tim.o(.text)
    TIM_OC2PreloadConfig                     0x0800df7b   Thumb Code    26  stm32f10x_tim.o(.text)
    TIM_OC3PreloadConfig                     0x0800df95   Thumb Code    18  stm32f10x_tim.o(.text)
    TIM_OC4PreloadConfig                     0x0800dfa7   Thumb Code    26  stm32f10x_tim.o(.text)
    TIM_OC1FastConfig                        0x0800dfc1   Thumb Code    18  stm32f10x_tim.o(.text)
    TIM_OC2FastConfig                        0x0800dfd3   Thumb Code    26  stm32f10x_tim.o(.text)
    TIM_OC3FastConfig                        0x0800dfed   Thumb Code    18  stm32f10x_tim.o(.text)
    TIM_OC4FastConfig                        0x0800dfff   Thumb Code    26  stm32f10x_tim.o(.text)
    TIM_ClearOC1Ref                          0x0800e019   Thumb Code    18  stm32f10x_tim.o(.text)
    TIM_ClearOC2Ref                          0x0800e02b   Thumb Code    24  stm32f10x_tim.o(.text)
    TIM_ClearOC3Ref                          0x0800e043   Thumb Code    18  stm32f10x_tim.o(.text)
    TIM_ClearOC4Ref                          0x0800e055   Thumb Code    24  stm32f10x_tim.o(.text)
    TIM_OC1PolarityConfig                    0x0800e06d   Thumb Code    18  stm32f10x_tim.o(.text)
    TIM_OC1NPolarityConfig                   0x0800e07f   Thumb Code    18  stm32f10x_tim.o(.text)
    TIM_OC2PolarityConfig                    0x0800e091   Thumb Code    26  stm32f10x_tim.o(.text)
    TIM_OC2NPolarityConfig                   0x0800e0ab   Thumb Code    26  stm32f10x_tim.o(.text)
    TIM_OC3PolarityConfig                    0x0800e0c5   Thumb Code    26  stm32f10x_tim.o(.text)
    TIM_OC3NPolarityConfig                   0x0800e0df   Thumb Code    26  stm32f10x_tim.o(.text)
    TIM_OC4PolarityConfig                    0x0800e0f9   Thumb Code    26  stm32f10x_tim.o(.text)
    TIM_CCxCmd                               0x0800e113   Thumb Code    30  stm32f10x_tim.o(.text)
    TIM_CCxNCmd                              0x0800e131   Thumb Code    30  stm32f10x_tim.o(.text)
    TIM_SelectOCxM                           0x0800e14f   Thumb Code    82  stm32f10x_tim.o(.text)
    TIM_UpdateDisableConfig                  0x0800e1a1   Thumb Code    24  stm32f10x_tim.o(.text)
    TIM_UpdateRequestConfig                  0x0800e1b9   Thumb Code    24  stm32f10x_tim.o(.text)
    TIM_SelectHallSensor                     0x0800e1d1   Thumb Code    24  stm32f10x_tim.o(.text)
    TIM_SelectOnePulseMode                   0x0800e1e9   Thumb Code    18  stm32f10x_tim.o(.text)
    TIM_SelectOutputTrigger                  0x0800e1fb   Thumb Code    18  stm32f10x_tim.o(.text)
    TIM_SelectSlaveMode                      0x0800e20d   Thumb Code    18  stm32f10x_tim.o(.text)
    TIM_SelectMasterSlaveMode                0x0800e21f   Thumb Code    18  stm32f10x_tim.o(.text)
    TIM_SetCounter                           0x0800e231   Thumb Code     4  stm32f10x_tim.o(.text)
    TIM_SetAutoreload                        0x0800e235   Thumb Code     4  stm32f10x_tim.o(.text)
    TIM_SetCompare1                          0x0800e239   Thumb Code     4  stm32f10x_tim.o(.text)
    TIM_SetCompare2                          0x0800e23d   Thumb Code     4  stm32f10x_tim.o(.text)
    TIM_SetCompare3                          0x0800e241   Thumb Code     4  stm32f10x_tim.o(.text)
    TIM_SetCompare4                          0x0800e245   Thumb Code     6  stm32f10x_tim.o(.text)
    TIM_SetClockDivision                     0x0800e24b   Thumb Code    18  stm32f10x_tim.o(.text)
    TIM_GetCapture1                          0x0800e25d   Thumb Code     6  stm32f10x_tim.o(.text)
    TIM_GetCapture2                          0x0800e263   Thumb Code     6  stm32f10x_tim.o(.text)
    TIM_GetCapture3                          0x0800e269   Thumb Code     6  stm32f10x_tim.o(.text)
    TIM_GetCapture4                          0x0800e26f   Thumb Code     8  stm32f10x_tim.o(.text)
    TIM_GetCounter                           0x0800e277   Thumb Code     6  stm32f10x_tim.o(.text)
    TIM_GetPrescaler                         0x0800e27d   Thumb Code     6  stm32f10x_tim.o(.text)
    TIM_GetFlagStatus                        0x0800e283   Thumb Code    18  stm32f10x_tim.o(.text)
    TIM_ClearFlag                            0x0800e295   Thumb Code     6  stm32f10x_tim.o(.text)
    TIM_GetITStatus                          0x0800e29b   Thumb Code    34  stm32f10x_tim.o(.text)
    TIM_ClearITPendingBit                    0x0800e2bd   Thumb Code     6  stm32f10x_tim.o(.text)
    DMA_DeInit                               0x0800e2c5   Thumb Code   324  stm32f10x_dma.o(.text)
    DMA_Init                                 0x0800e409   Thumb Code    60  stm32f10x_dma.o(.text)
    DMA_StructInit                           0x0800e445   Thumb Code    26  stm32f10x_dma.o(.text)
    DMA_Cmd                                  0x0800e45f   Thumb Code    24  stm32f10x_dma.o(.text)
    DMA_ITConfig                             0x0800e477   Thumb Code    18  stm32f10x_dma.o(.text)
    DMA_SetCurrDataCounter                   0x0800e489   Thumb Code     4  stm32f10x_dma.o(.text)
    DMA_GetCurrDataCounter                   0x0800e48d   Thumb Code     8  stm32f10x_dma.o(.text)
    DMA_GetFlagStatus                        0x0800e495   Thumb Code    40  stm32f10x_dma.o(.text)
    DMA_ClearFlag                            0x0800e4bd   Thumb Code    22  stm32f10x_dma.o(.text)
    DMA_GetITStatus                          0x0800e4d3   Thumb Code    40  stm32f10x_dma.o(.text)
    DMA_ClearITPendingBit                    0x0800e4fb   Thumb Code    22  stm32f10x_dma.o(.text)
    IWDG_WriteAccessCmd                      0x0800e519   Thumb Code     6  stm32f10x_iwdg.o(.text)
    IWDG_SetPrescaler                        0x0800e51f   Thumb Code     6  stm32f10x_iwdg.o(.text)
    IWDG_SetReload                           0x0800e525   Thumb Code     6  stm32f10x_iwdg.o(.text)
    IWDG_ReloadCounter                       0x0800e52b   Thumb Code    10  stm32f10x_iwdg.o(.text)
    IWDG_Enable                              0x0800e535   Thumb Code    10  stm32f10x_iwdg.o(.text)
    IWDG_GetFlagStatus                       0x0800e53f   Thumb Code    20  stm32f10x_iwdg.o(.text)
    mymemcpy                                 0x0800e559   Thumb Code    26  malloc.o(.text)
    mymemset                                 0x0800e573   Thumb Code    20  malloc.o(.text)
    mem_init                                 0x0800e587   Thumb Code    38  malloc.o(.text)
    mem_perused                              0x0800e5ad   Thumb Code    42  malloc.o(.text)
    mem_malloc                               0x0800e5d7   Thumb Code   116  malloc.o(.text)
    mem_free                                 0x0800e64b   Thumb Code    66  malloc.o(.text)
    myfree                                   0x0800e68d   Thumb Code    24  malloc.o(.text)
    mymalloc                                 0x0800e6a5   Thumb Code    28  malloc.o(.text)
    myrealloc                                0x0800e6c1   Thumb Code    50  malloc.o(.text)
    ff_convert                               0x0800e6f9   Thumb Code   146  mycc936.o(.text)
    ff_wtoupper                              0x0800e78b   Thumb Code    46  mycc936.o(.text)
    Get_HzMat                                0x0800e7c5   Thumb Code   220  text.o(.text)
    Show_Font                                0x0800e8a1   Thumb Code   190  text.o(.text)
    Show_Str                                 0x0800e95f   Thumb Code   192  text.o(.text)
    Show_Str_Mid                             0x0800ea1f   Thumb Code   106  text.o(.text)
    delay_xs                                 0x0800eaab   Thumb Code    26  sim900a.o(.text)
    UTF8toUnicode                            0x0800eac5   Thumb Code   242  sim900a.o(.text)
    cjson_to_struct_info_qrcode              0x0800ebb7   Thumb Code   184  sim900a.o(.text)
    sim900a_check_cmd                        0x0800ec6f   Thumb Code    44  sim900a.o(.text)
    sim900a_send_cmd                         0x0800ec9b   Thumb Code   104  sim900a.o(.text)
    sim900a_send_cmd_tou_data                0x0800ed03   Thumb Code   104  sim900a.o(.text)
    cjson_to_struct_info_register            0x0800ed6b   Thumb Code  1086  sim900a.o(.text)
    cjson_to_struct_info_overtime_pay        0x0800f1a9   Thumb Code   368  sim900a.o(.text)
    cjson_to_struct_info_tcp_rcv_overtime_pay_success 0x0800f319   Thumb Code   160  sim900a.o(.text)
    cjson_to_struct_info_tcp_rcv             0x0800f3b9   Thumb Code  1244  sim900a.o(.text)
    sim_at_response                          0x0800f895   Thumb Code    42  sim900a.o(.text)
    sim900a_chr2hex                          0x0800f8bf   Thumb Code    54  sim900a.o(.text)
    sim900a_hex2chr                          0x0800f8f5   Thumb Code    34  sim900a.o(.text)
    sim900a_unigbk_exchange                  0x0800f917   Thumb Code   498  sim900a.o(.text)
    sim900a_load_keyboard                    0x0800fb09   Thumb Code   292  sim900a.o(.text)
    sim900a_key_staset                       0x0800fc2d   Thumb Code   294  sim900a.o(.text)
    sim900a_get_keynum                       0x0800fd53   Thumb Code   230  sim900a.o(.text)
    sim900a_call_test                        0x0800fe39   Thumb Code  1126  sim900a.o(.text)
    sim900a_sms_read_test                    0x0801029f   Thumb Code  1188  sim900a.o(.text)
    sim900a_sms_send_test                    0x08010743   Thumb Code   852  sim900a.o(.text)
    sim900a_sms_ui                           0x08010a97   Thumb Code   152  sim900a.o(.text)
    sim900a_sms_test                         0x08010b2f   Thumb Code   172  sim900a.o(.text)
    sim900a_tcpudp_test                      0x08010bdb   Thumb Code  1516  sim900a.o(.text)
    sim900a_gprs_ui                          0x080111c7   Thumb Code   152  sim900a.o(.text)
    sim900a_gprs_test                        0x0801125f   Thumb Code  2154  sim900a.o(.text)
    sim900a_mtest_ui                         0x08011ac9   Thumb Code   484  sim900a.o(.text)
    sim900a_gsminfo_show                     0x08011cad   Thumb Code   422  sim900a.o(.text)
    sim900a_test                             0x08011e53   Thumb Code    10  sim900a.o(.text)
    toupper                                  0x08011f7d   Thumb Code    12  toupper.o(.text)
    tolower                                  0x08011f89   Thumb Code    12  tolower.o(.text)
    __aeabi_memcpy                           0x08011f95   Thumb Code    36  memcpya.o(.text)
    __aeabi_memcpy4                          0x08011f95   Thumb Code     0  memcpya.o(.text)
    __aeabi_memcpy8                          0x08011f95   Thumb Code     0  memcpya.o(.text)
    __aeabi_memset                           0x08011fb9   Thumb Code    14  memseta.o(.text)
    __aeabi_memset4                          0x08011fb9   Thumb Code     0  memseta.o(.text)
    __aeabi_memset8                          0x08011fb9   Thumb Code     0  memseta.o(.text)
    __aeabi_memclr                           0x08011fc7   Thumb Code     4  memseta.o(.text)
    __aeabi_memclr4                          0x08011fc7   Thumb Code     0  memseta.o(.text)
    __aeabi_memclr8                          0x08011fc7   Thumb Code     0  memseta.o(.text)
    _memset$wrapper                          0x08011fcb   Thumb Code    18  memseta.o(.text)
    strstr                                   0x08011fdd   Thumb Code    36  strstr.o(.text)
    strchr                                   0x08012001   Thumb Code    20  strchr.o(.text)
    strlen                                   0x08012015   Thumb Code    14  strlen.o(.text)
    strcmp                                   0x08012023   Thumb Code    28  strcmp.o(.text)
    strcpy                                   0x0801203f   Thumb Code    18  strcpy.o(.text)
    strncmp                                  0x08012051   Thumb Code    30  strncmp.o(.text)
    strrchr                                  0x0801206f   Thumb Code    32  strrchr.o(.text)
    __0sscanf                                0x08012091   Thumb Code    48  __0sscanf.o(.text)
    _scanf_real                              0x080121f1   Thumb Code     0  scanf_fp.o(.text)
    _scanf_really_real                       0x080121f1   Thumb Code   556  scanf_fp.o(.text)
    __aeabi_fadd                             0x08012429   Thumb Code   164  fadd.o(.text)
    __aeabi_fsub                             0x080124cd   Thumb Code     6  fadd.o(.text)
    __aeabi_frsub                            0x080124d3   Thumb Code     6  fadd.o(.text)
    __aeabi_fmul                             0x080124d9   Thumb Code   100  fmul.o(.text)
    __aeabi_fdiv                             0x0801253d   Thumb Code   124  fdiv.o(.text)
    __aeabi_dadd                             0x080125b9   Thumb Code   322  dadd.o(.text)
    __aeabi_dsub                             0x080126fb   Thumb Code     6  dadd.o(.text)
    __aeabi_drsub                            0x08012701   Thumb Code     6  dadd.o(.text)
    __aeabi_dmul                             0x08012707   Thumb Code   228  dmul.o(.text)
    __aeabi_ddiv                             0x080127eb   Thumb Code   222  ddiv.o(.text)
    __aeabi_i2f                              0x080128c9   Thumb Code    18  fflti.o(.text)
    __aeabi_ui2f                             0x080128db   Thumb Code    10  ffltui.o(.text)
    __aeabi_i2d                              0x080128e5   Thumb Code    34  dflti.o(.text)
    __aeabi_ui2d                             0x08012907   Thumb Code    26  dfltui.o(.text)
    __aeabi_f2iz                             0x08012921   Thumb Code    50  ffixi.o(.text)
    __aeabi_f2uiz                            0x08012953   Thumb Code    40  ffixui.o(.text)
    __aeabi_d2iz                             0x0801297b   Thumb Code    62  dfixi.o(.text)
    __aeabi_d2uiz                            0x080129b9   Thumb Code    50  dfixui.o(.text)
    __aeabi_f2d                              0x080129eb   Thumb Code    38  f2d.o(.text)
    __aeabi_cdcmpeq                          0x08012a11   Thumb Code     0  cdcmple.o(.text)
    __aeabi_cdcmple                          0x08012a11   Thumb Code    48  cdcmple.o(.text)
    __aeabi_cdrcmple                         0x08012a41   Thumb Code    48  cdrcmple.o(.text)
    __aeabi_uidiv                            0x08012a71   Thumb Code     0  uidiv.o(.text)
    __aeabi_uidivmod                         0x08012a71   Thumb Code    44  uidiv.o(.text)
    __aeabi_uldivmod                         0x08012a9d   Thumb Code    98  uldiv.o(.text)
    __aeabi_llsl                             0x08012aff   Thumb Code    30  llshl.o(.text)
    _ll_shift_l                              0x08012aff   Thumb Code     0  llshl.o(.text)
    __aeabi_llsr                             0x08012b1d   Thumb Code    32  llushr.o(.text)
    _ll_ushift_r                             0x08012b1d   Thumb Code     0  llushr.o(.text)
    __aeabi_lasr                             0x08012b3d   Thumb Code    36  llsshr.o(.text)
    _ll_sshift_r                             0x08012b3d   Thumb Code     0  llsshr.o(.text)
    __vfscanf_char                           0x08012b6d   Thumb Code    20  scanf_char.o(.text)
    _sgetc                                   0x08012b89   Thumb Code    30  _sgetc.o(.text)
    _sbackspace                              0x08012ba7   Thumb Code    34  _sgetc.o(.text)
    __strtod_int                             0x08012bff   Thumb Code    90  strtod.o(.text)
    __I$use$fp                               0x08012c65   Thumb Code     0  iusefp.o(.text)
    _float_round                             0x08012c65   Thumb Code    18  fepilogue.o(.text)
    _float_epilogue                          0x08012c77   Thumb Code    92  fepilogue.o(.text)
    _double_round                            0x08012cd3   Thumb Code    30  depilogue.o(.text)
    _double_epilogue                         0x08012cf1   Thumb Code   156  depilogue.o(.text)
    _dsqrt                                   0x08012d8d   Thumb Code   162  dsqrt.o(.text)
    __aeabi_ul2d                             0x08012e2f   Thumb Code    24  dfltul.o(.text)
    __aeabi_d2ulz                            0x08012e47   Thumb Code    48  dfixul.o(.text)
    __aeabi_d2f                              0x08012e77   Thumb Code    56  d2f.o(.text)
    __scatterload                            0x08012eb1   Thumb Code    28  init.o(.text)
    __scatterload_rt2                        0x08012eb1   Thumb Code     0  init.o(.text)
    isspace                                  0x08012ed5   Thumb Code    10  isspace_c.o(.text)
    __vfscanf                                0x08012ee1   Thumb Code   808  _scanf.o(.text)
    __ctype_lookup                           0x0801320d   Thumb Code    34  ctype_c.o(.text)
    __decompress                             0x08013235   Thumb Code     0  __dczerorl2.o(.text)
    __decompress1                            0x08013235   Thumb Code    86  __dczerorl2.o(.text)
    __0printf                                0x0801328d   Thumb Code    22  printfa.o(i.__0printf)
    __1printf                                0x0801328d   Thumb Code     0  printfa.o(i.__0printf)
    __2printf                                0x0801328d   Thumb Code     0  printfa.o(i.__0printf)
    __c89printf                              0x0801328d   Thumb Code     0  printfa.o(i.__0printf)
    printf                                   0x0801328d   Thumb Code     0  printfa.o(i.__0printf)
    __0sprintf                               0x080132ad   Thumb Code    34  printfa.o(i.__0sprintf)
    __1sprintf                               0x080132ad   Thumb Code     0  printfa.o(i.__0sprintf)
    __2sprintf                               0x080132ad   Thumb Code     0  printfa.o(i.__0sprintf)
    __c89sprintf                             0x080132ad   Thumb Code     0  printfa.o(i.__0sprintf)
    sprintf                                  0x080132ad   Thumb Code     0  printfa.o(i.__0sprintf)
    __0vsprintf                              0x080132d5   Thumb Code    30  printfa.o(i.__0vsprintf)
    __1vsprintf                              0x080132d5   Thumb Code     0  printfa.o(i.__0vsprintf)
    __2vsprintf                              0x080132d5   Thumb Code     0  printfa.o(i.__0vsprintf)
    __c89vsprintf                            0x080132d5   Thumb Code     0  printfa.o(i.__0vsprintf)
    vsprintf                                 0x080132d5   Thumb Code     0  printfa.o(i.__0vsprintf)
    free                                     0x080132f9   Thumb Code    88  mallocr.o(i.__free$realloc)
    malloc                                   0x08013355   Thumb Code    64  mallocr.o(i.__malloc$realloc)
    __scatterload_copy                       0x080133a5   Thumb Code    14  handlers.o(i.__scatterload_copy)
    __scatterload_null                       0x080133b3   Thumb Code     2  handlers.o(i.__scatterload_null)
    __scatterload_zeroinit                   0x080133b5   Thumb Code    14  handlers.o(i.__scatterload_zeroinit)
    __set_errno                              0x080133c5   Thumb Code     6  errno.o(i.__set_errno)
    _is_digit                                0x08013555   Thumb Code    14  scanf_fp.o(i._is_digit)
    realloc                                  0x08013ced   Thumb Code   102  mallocr.o(i.realloc)
    sqrt                                     0x08013d59   Thumb Code    76  sqrt.o(i.sqrt)
    strtod                                   0x08013da5   Thumb Code    28  strtod.o(i.strtod)
    asc2_1206                                0x08013dc0   Data        1140  lcd.o(.constdata)
    asc2_1608                                0x08014234   Data        1520  lcd.o(.constdata)
    asc2_2412                                0x08014824   Data        3420  lcd.o(.constdata)
    TP_ADJDIS_TBL                            0x08015580   Data          12  touch.o(.constdata)
    OTT_TPX_TBL                              0x0801558c   Data          10  ott2001a.o(.constdata)
    FT5206_TPX_TBL                           0x08015596   Data          10  ft5206.o(.constdata)
    GT9147_CFG_TBL                           0x080155a0   Data         184  gt9147.o(.constdata)
    GT9147_TPX_TBL                           0x08015658   Data          10  gt9147.o(.constdata)
    __ctype_categories                       0x08015a30   Data          64  ctype_c.o(.constdata)
    Region$$Table$$Base                      0x08015c00   Number         0  anon$$obj.o(Region$$Table)
    Region$$Table$$Limit                     0x08015c20   Number         0  anon$$obj.o(Region$$Table)
    SystemCoreClock                          0x20000000   Data           4  system_stm32f10x.o(.data)
    AHBPrescTable                            0x20000004   Data          16  system_stm32f10x.o(.data)
    PADDING                                  0x20000014   Data          64  md5.o(.data)
    POINT_COLOR                              0x20000056   Data           2  lcd.o(.data)
    BACK_COLOR                               0x20000058   Data           2  lcd.o(.data)
    SPI_FLASH_TYPE                           0x2000005a   Data           2  flash.o(.data)
    tp_dev                                   0x2000005c   Data          52  touch.o(.data)
    CMD_RDX                                  0x20000090   Data           1  touch.o(.data)
    CMD_RDY                                  0x20000091   Data           1  touch.o(.data)
    TP_REMIND_MSG_TBL                        0x20000094   Data           4  touch.o(.data)
    USART2_RX_STA                            0x2000009a   Data           2  usart2.o(.data)
    USART3_RX_STA                            0x2000009e   Data           2  usart3.o(.data)
    USART4_RX_STA                            0x200000a0   Data           2  usart4.o(.data)
    qujianma_wait_tcp_flag                   0x200000b8   Data           1  lcd_u4.o(.data)
    qujian_num                               0x200000b9   Data           8  lcd_u4.o(.data)
    qujian_num_input_len                     0x200000c1   Data           1  lcd_u4.o(.data)
    daojishi_ongo_flag                       0x200000c2   Data           1  lcd_u4.o(.data)
    daojishi_time                            0x200000c3   Data           1  timer.o(.data)
    mtimer_flag                              0x200000c4   Data           1  timer.o(.data)
    __stdout                                 0x200000cc   Data           4  usart.o(.data)
    USART_RX_STA                             0x200000d0   Data           2  usart.o(.data)
    mallco_dev                               0x200000e8   Data          20  malloc.o(.data)
    captcha_id                               0x200000fc   Data           4  sim900a.o(.data)
    heart_beart_idx                          0x20000100   Data           4  sim900a.o(.data)
    kbd_tbl1                                 0x20000104   Data          52  sim900a.o(.data)
    kbd_tbl2                                 0x20000138   Data          52  sim900a.o(.data)
    kbd_tbl                                  0x2000016c   Data           4  sim900a.o(.data)
    kbd_fn_tbl                               0x20000170   Data           8  sim900a.o(.data)
    sim900a_test_msg                         0x20000178   Data           4  sim900a.o(.data)
    modetbl                                  0x2000017c   Data           8  sim900a.o(.data)
    __microlib_freelist                      0x20000188   Data           4  mvars.o(.data)
    __microlib_freelist_initialised          0x2000018c   Data           4  mvars.o(.data)
    lcddev                                   0x20000194   Data          14  lcd.o(.bss)
    SPI_InitStructure                        0x200001a2   Data          18  spi.o(.bss)
    USART2_TX_BUF                            0x200001b8   Data        1024  usart2.o(.bss)
    USART2_RX_BUF                            0x200005b8   Data        1024  usart2.o(.bss)
    USART3_TX_BUF                            0x200009b8   Data        1024  usart3.o(.bss)
    USART3_RX_BUF                            0x20000db8   Data        1024  usart3.o(.bss)
    USART4_TX_BUF                            0x200011b8   Data        1024  usart4.o(.bss)
    USART4_RX_BUF                            0x200015b8   Data        1024  usart4.o(.bss)
    USART_RX_BUF                             0x200019c7   Data         200  usart.o(.bss)
    membase                                  0x20001a90   Data       28672  malloc.o(.bss)
    memmapbase                               0x20008a90   Data        1792  malloc.o(.bss)
    ftinfo                                   0x20009190   Data          33  fontupd.o(.bss)
    regst_key                                0x200091b1   Data          60  sim900a.o(.bss)
    IMEI_cRes                                0x200091ed   Data         100  sim900a.o(.bss)
    deviceid_decrypt_c                       0x20009251   Data          33  sim900a.o(.bss)
    __heap_base                              0x20009278   Data           0  startup_stm32f10x_hd.o(HEAP)
    __heap_limit                             0x2000ba78   Data           0  startup_stm32f10x_hd.o(HEAP)
    __initial_sp                             0x2000be78   Data           0  startup_stm32f10x_hd.o(STACK)



==============================================================================

Memory Map of the image

  Image Entry point : 0x08000131

  Load Region LR_IROM1 (Base: 0x08000000, Size: 0x00015db4, Max: 0x00040000, ABSOLUTE, COMPRESSED[0x00015cb0])

    Execution Region ER_IROM1 (Exec base: 0x08000000, Load base: 0x08000000, Size: 0x00015c20, Max: 0x00040000, ABSOLUTE)

    Exec Addr    Load Addr    Size         Type   Attr      Idx    E Section Name        Object

    0x08000000   0x08000000   0x00000130   Data   RO          692    RESET               startup_stm32f10x_hd.o
    0x08000130   0x08000130   0x00000000   Code   RO         1002  * .ARM.Collect$$$$00000000  mc_w.l(entry.o)
    0x08000130   0x08000130   0x00000004   Code   RO         1360    .ARM.Collect$$$$00000001  mc_w.l(entry2.o)
    0x08000134   0x08000134   0x00000004   Code   RO         1363    .ARM.Collect$$$$00000004  mc_w.l(entry5.o)
    0x08000138   0x08000138   0x00000000   Code   RO         1365    .ARM.Collect$$$$00000008  mc_w.l(entry7b.o)
    0x08000138   0x08000138   0x00000000   Code   RO         1367    .ARM.Collect$$$$0000000A  mc_w.l(entry8b.o)
    0x08000138   0x08000138   0x00000008   Code   RO         1368    .ARM.Collect$$$$0000000B  mc_w.l(entry9a.o)
    0x08000140   0x08000140   0x00000000   Code   RO         1370    .ARM.Collect$$$$0000000D  mc_w.l(entry10a.o)
    0x08000140   0x08000140   0x00000000   Code   RO         1372    .ARM.Collect$$$$0000000F  mc_w.l(entry11a.o)
    0x08000140   0x08000140   0x00000004   Code   RO         1361    .ARM.Collect$$$$00002712  mc_w.l(entry2.o)
    0x08000144   0x08000144   0x000001e8   Code   RO            1    .text               main.o
    0x0800032c   0x0800032c   0x0000001a   Code   RO          157    .text               stm32f10x_it.o
    0x08000346   0x08000346   0x00000002   PAD
    0x08000348   0x08000348   0x000001e0   Code   RO          189    .text               system_stm32f10x.o
    0x08000528   0x08000528   0x00000944   Code   RO          207    .text               md5.o
    0x08000e6c   0x08000e6c   0x000000a0   Code   RO          232    .text               led.o
    0x08000f0c   0x08000f0c   0x000000fc   Code   RO          248    .text               key.o
    0x08001008   0x08001008   0x00005846   Code   RO          261    .text               lcd.o
    0x0800684e   0x0800684e   0x00000002   PAD
    0x08006850   0x08006850   0x000000e8   Code   RO          291    .text               spi.o
    0x08006938   0x08006938   0x000003c0   Code   RO          309    .text               flash.o
    0x08006cf8   0x08006cf8   0x00000258   Code   RO          349    .text               myiic.o
    0x08006f50   0x08006f50   0x0000017a   Code   RO          364    .text               24cxx.o
    0x080070ca   0x080070ca   0x00000002   PAD
    0x080070cc   0x080070cc   0x00000ca4   Code   RO          379    .text               touch.o
    0x08007d70   0x08007d70   0x00000260   Code   RO          403    .text               ctiic.o
    0x08007fd0   0x08007fd0   0x0000036c   Code   RO          418    .text               ott2001a.o
    0x0800833c   0x0800833c   0x00000278   Code   RO          434    .text               usart2.o
    0x080085b4   0x080085b4   0x00000334   Code   RO          460    .text               ft5206.o
    0x080088e8   0x080088e8   0x000003e4   Code   RO          476    .text               gt9147.o
    0x08008ccc   0x08008ccc   0x0000024c   Code   RO          492    .text               usart3.o
    0x08008f18   0x08008f18   0x00000208   Code   RO          511    .text               usart4.o
    0x08009120   0x08009120   0x0000209c   Code   RO          530    .text               cjson.o
    0x0800b1bc   0x0800b1bc   0x00001044   Code   RO          568    .text               lcd_u4.o
    0x0800c200   0x0800c200   0x00000140   Code   RO          593    .text               timer.o
    0x0800c340   0x0800c340   0x0000003e   Code   RO          611    .text               iwdg.o
    0x0800c37e   0x0800c37e   0x00000002   PAD
    0x0800c380   0x0800c380   0x000000d4   Code   RO          626    .text               delay.o
    0x0800c454   0x0800c454   0x00000140   Code   RO          657    .text               usart.o
    0x0800c594   0x0800c594   0x00000024   Code   RO          693    .text               startup_stm32f10x_hd.o
    0x0800c5b8   0x0800c5b8   0x0000035c   Code   RO          697    .text               stm32f10x_gpio.o
    0x0800c914   0x0800c914   0x000003a4   Code   RO          709    .text               stm32f10x_rcc.o
    0x0800ccb8   0x0800ccb8   0x00000408   Code   RO          723    .text               stm32f10x_usart.o
    0x0800d0c0   0x0800d0c0   0x000000dc   Code   RO          735    .text               misc.o
    0x0800d19c   0x0800d19c   0x0000030c   Code   RO          747    .text               stm32f10x_spi.o
    0x0800d4a8   0x0800d4a8   0x00000e1a   Code   RO          759    .text               stm32f10x_tim.o
    0x0800e2c2   0x0800e2c2   0x00000002   PAD
    0x0800e2c4   0x0800e2c4   0x00000254   Code   RO          771    .text               stm32f10x_dma.o
    0x0800e518   0x0800e518   0x00000040   Code   RO          798    .text               stm32f10x_iwdg.o
    0x0800e558   0x0800e558   0x000001a0   Code   RO          810    .text               malloc.o
    0x0800e6f8   0x0800e6f8   0x000000cc   Code   RO          913    .text               mycc936.o
    0x0800e7c4   0x0800e7c4   0x000002d4   Code   RO          947    .text               text.o
    0x0800ea98   0x0800ea98   0x000034e4   Code   RO          962    .text               sim900a.o
    0x08011f7c   0x08011f7c   0x0000000c   Code   RO         1005    .text               mc_w.l(toupper.o)
    0x08011f88   0x08011f88   0x0000000c   Code   RO         1007    .text               mc_w.l(tolower.o)
    0x08011f94   0x08011f94   0x00000024   Code   RO         1009    .text               mc_w.l(memcpya.o)
    0x08011fb8   0x08011fb8   0x00000024   Code   RO         1011    .text               mc_w.l(memseta.o)
    0x08011fdc   0x08011fdc   0x00000024   Code   RO         1013    .text               mc_w.l(strstr.o)
    0x08012000   0x08012000   0x00000014   Code   RO         1015    .text               mc_w.l(strchr.o)
    0x08012014   0x08012014   0x0000000e   Code   RO         1017    .text               mc_w.l(strlen.o)
    0x08012022   0x08012022   0x0000001c   Code   RO         1019    .text               mc_w.l(strcmp.o)
    0x0801203e   0x0801203e   0x00000012   Code   RO         1021    .text               mc_w.l(strcpy.o)
    0x08012050   0x08012050   0x0000001e   Code   RO         1023    .text               mc_w.l(strncmp.o)
    0x0801206e   0x0801206e   0x00000020   Code   RO         1025    .text               mc_w.l(strrchr.o)
    0x0801208e   0x0801208e   0x00000002   PAD
    0x08012090   0x08012090   0x00000038   Code   RO         1318    .text               mc_w.l(__0sscanf.o)
    0x080120c8   0x080120c8   0x00000360   Code   RO         1320    .text               mc_w.l(scanf_fp.o)
    0x08012428   0x08012428   0x000000b0   Code   RO         1324    .text               mf_w.l(fadd.o)
    0x080124d8   0x080124d8   0x00000064   Code   RO         1326    .text               mf_w.l(fmul.o)
    0x0801253c   0x0801253c   0x0000007c   Code   RO         1328    .text               mf_w.l(fdiv.o)
    0x080125b8   0x080125b8   0x0000014e   Code   RO         1330    .text               mf_w.l(dadd.o)
    0x08012706   0x08012706   0x000000e4   Code   RO         1332    .text               mf_w.l(dmul.o)
    0x080127ea   0x080127ea   0x000000de   Code   RO         1334    .text               mf_w.l(ddiv.o)
    0x080128c8   0x080128c8   0x00000012   Code   RO         1336    .text               mf_w.l(fflti.o)
    0x080128da   0x080128da   0x0000000a   Code   RO         1338    .text               mf_w.l(ffltui.o)
    0x080128e4   0x080128e4   0x00000022   Code   RO         1340    .text               mf_w.l(dflti.o)
    0x08012906   0x08012906   0x0000001a   Code   RO         1342    .text               mf_w.l(dfltui.o)
    0x08012920   0x08012920   0x00000032   Code   RO         1344    .text               mf_w.l(ffixi.o)
    0x08012952   0x08012952   0x00000028   Code   RO         1346    .text               mf_w.l(ffixui.o)
    0x0801297a   0x0801297a   0x0000003e   Code   RO         1348    .text               mf_w.l(dfixi.o)
    0x080129b8   0x080129b8   0x00000032   Code   RO         1350    .text               mf_w.l(dfixui.o)
    0x080129ea   0x080129ea   0x00000026   Code   RO         1352    .text               mf_w.l(f2d.o)
    0x08012a10   0x08012a10   0x00000030   Code   RO         1354    .text               mf_w.l(cdcmple.o)
    0x08012a40   0x08012a40   0x00000030   Code   RO         1356    .text               mf_w.l(cdrcmple.o)
    0x08012a70   0x08012a70   0x0000002c   Code   RO         1374    .text               mc_w.l(uidiv.o)
    0x08012a9c   0x08012a9c   0x00000062   Code   RO         1376    .text               mc_w.l(uldiv.o)
    0x08012afe   0x08012afe   0x0000001e   Code   RO         1378    .text               mc_w.l(llshl.o)
    0x08012b1c   0x08012b1c   0x00000020   Code   RO         1380    .text               mc_w.l(llushr.o)
    0x08012b3c   0x08012b3c   0x00000024   Code   RO         1382    .text               mc_w.l(llsshr.o)
    0x08012b60   0x08012b60   0x00000028   Code   RO         1393    .text               mc_w.l(scanf_char.o)
    0x08012b88   0x08012b88   0x00000040   Code   RO         1395    .text               mc_w.l(_sgetc.o)
    0x08012bc8   0x08012bc8   0x0000009c   Code   RO         1397    .text               mc_w.l(strtod.o)
    0x08012c64   0x08012c64   0x00000000   Code   RO         1399    .text               mc_w.l(iusefp.o)
    0x08012c64   0x08012c64   0x0000006e   Code   RO         1400    .text               mf_w.l(fepilogue.o)
    0x08012cd2   0x08012cd2   0x000000ba   Code   RO         1402    .text               mf_w.l(depilogue.o)
    0x08012d8c   0x08012d8c   0x000000a2   Code   RO         1404    .text               mf_w.l(dsqrt.o)
    0x08012e2e   0x08012e2e   0x00000018   Code   RO         1406    .text               mf_w.l(dfltul.o)
    0x08012e46   0x08012e46   0x00000030   Code   RO         1408    .text               mf_w.l(dfixul.o)
    0x08012e76   0x08012e76   0x00000038   Code   RO         1410    .text               mf_w.l(d2f.o)
    0x08012eae   0x08012eae   0x00000002   PAD
    0x08012eb0   0x08012eb0   0x00000024   Code   RO         1412    .text               mc_w.l(init.o)
    0x08012ed4   0x08012ed4   0x0000000a   Code   RO         1414    .text               mc_w.l(isspace_c.o)
    0x08012ede   0x08012ede   0x00000002   PAD
    0x08012ee0   0x08012ee0   0x0000032c   Code   RO         1416    .text               mc_w.l(_scanf.o)
    0x0801320c   0x0801320c   0x00000028   Code   RO         1418    .text               mc_w.l(ctype_c.o)
    0x08013234   0x08013234   0x00000056   Code   RO         1429    .text               mc_w.l(__dczerorl2.o)
    0x0801328a   0x0801328a   0x00000002   PAD
    0x0801328c   0x0801328c   0x00000020   Code   RO         1262    i.__0printf         mc_w.l(printfa.o)
    0x080132ac   0x080132ac   0x00000028   Code   RO         1264    i.__0sprintf        mc_w.l(printfa.o)
    0x080132d4   0x080132d4   0x00000024   Code   RO         1268    i.__0vsprintf       mc_w.l(printfa.o)
    0x080132f8   0x080132f8   0x0000005c   Code   RO         1294    i.__free$realloc    mc_w.l(mallocr.o)
    0x08013354   0x08013354   0x00000050   Code   RO         1295    i.__malloc$realloc  mc_w.l(mallocr.o)
    0x080133a4   0x080133a4   0x0000000e   Code   RO         1423    i.__scatterload_copy  mc_w.l(handlers.o)
    0x080133b2   0x080133b2   0x00000002   Code   RO         1424    i.__scatterload_null  mc_w.l(handlers.o)
    0x080133b4   0x080133b4   0x0000000e   Code   RO         1425    i.__scatterload_zeroinit  mc_w.l(handlers.o)
    0x080133c2   0x080133c2   0x00000002   PAD
    0x080133c4   0x080133c4   0x0000000c   Code   RO         1388    i.__set_errno       mc_w.l(errno.o)
    0x080133d0   0x080133d0   0x00000184   Code   RO         1269    i._fp_digits        mc_w.l(printfa.o)
    0x08013554   0x08013554   0x0000000e   Code   RO         1322    i._is_digit         mc_w.l(scanf_fp.o)
    0x08013562   0x08013562   0x00000002   PAD
    0x08013564   0x08013564   0x000006dc   Code   RO         1270    i._printf_core      mc_w.l(printfa.o)
    0x08013c40   0x08013c40   0x00000024   Code   RO         1271    i._printf_post_padding  mc_w.l(printfa.o)
    0x08013c64   0x08013c64   0x0000002e   Code   RO         1272    i._printf_pre_padding  mc_w.l(printfa.o)
    0x08013c92   0x08013c92   0x0000000a   Code   RO         1274    i._sputc            mc_w.l(printfa.o)
    0x08013c9c   0x08013c9c   0x00000050   Code   RO         1296    i.internal_alloc    mc_w.l(mallocr.o)
    0x08013cec   0x08013cec   0x0000006c   Code   RO         1297    i.realloc           mc_w.l(mallocr.o)
    0x08013d58   0x08013d58   0x0000004c   Code   RO          991    i.sqrt              m_ws.l(sqrt.o)
    0x08013da4   0x08013da4   0x0000001c   Code   RO          999    i.strtod            m_ws.l(strtod.o)
    0x08013dc0   0x08013dc0   0x000017c0   Data   RO          263    .constdata          lcd.o
    0x08015580   0x08015580   0x0000000c   Data   RO          380    .constdata          touch.o
    0x0801558c   0x0801558c   0x0000000a   Data   RO          419    .constdata          ott2001a.o
    0x08015596   0x08015596   0x0000000a   Data   RO          461    .constdata          ft5206.o
    0x080155a0   0x080155a0   0x000000c2   Data   RO          477    .constdata          gt9147.o
    0x08015662   0x08015662   0x000003c0   Data   RO          914    .constdata          mycc936.o
    0x08015a22   0x08015a22   0x00000002   PAD
    0x08015a24   0x08015a24   0x0000000c   Data   RO          964    .constdata          sim900a.o
    0x08015a30   0x08015a30   0x00000040   Data   RO         1419    .constdata          mc_w.l(ctype_c.o)
    0x08015a70   0x08015a70   0x00000079   Data   RO          381    .conststring        touch.o
    0x08015ae9   0x08015ae9   0x00000003   PAD
    0x08015aec   0x08015aec   0x00000111   Data   RO          965    .conststring        sim900a.o
    0x08015bfd   0x08015bfd   0x00000003   PAD
    0x08015c00   0x08015c00   0x00000020   Data   RO         1421    Region$$Table       anon$$obj.o


    Execution Region RW_IRAM1 (Exec base: 0x20000000, Load base: 0x08015c20, Size: 0x0000be78, Max: 0x0000c000, ABSOLUTE, COMPRESSED[0x00000090])

    Exec Addr    Load Addr    Size         Type   Attr      Idx    E Section Name        Object

    0x20000000   COMPRESSED   0x00000014   Data   RW          190    .data               system_stm32f10x.o
    0x20000014   COMPRESSED   0x00000040   Data   RW          208    .data               md5.o
    0x20000054   COMPRESSED   0x00000001   Data   RW          249    .data               key.o
    0x20000055   COMPRESSED   0x00000001   PAD
    0x20000056   COMPRESSED   0x00000004   Data   RW          264    .data               lcd.o
    0x2000005a   COMPRESSED   0x00000002   Data   RW          310    .data               flash.o
    0x2000005c   COMPRESSED   0x0000003c   Data   RW          382    .data               touch.o
    0x20000098   COMPRESSED   0x00000001   Data   RW          420    .data               ott2001a.o
    0x20000099   COMPRESSED   0x00000001   PAD
    0x2000009a   COMPRESSED   0x00000002   Data   RW          436    .data               usart2.o
    0x2000009c   COMPRESSED   0x00000001   Data   RW          462    .data               ft5206.o
    0x2000009d   COMPRESSED   0x00000001   Data   RW          478    .data               gt9147.o
    0x2000009e   COMPRESSED   0x00000002   Data   RW          494    .data               usart3.o
    0x200000a0   COMPRESSED   0x00000002   Data   RW          513    .data               usart4.o
    0x200000a2   COMPRESSED   0x00000002   PAD
    0x200000a4   COMPRESSED   0x00000014   Data   RW          532    .data               cjson.o
    0x200000b8   COMPRESSED   0x0000000b   Data   RW          569    .data               lcd_u4.o
    0x200000c3   COMPRESSED   0x00000002   Data   RW          594    .data               timer.o
    0x200000c5   COMPRESSED   0x00000001   PAD
    0x200000c6   COMPRESSED   0x00000004   Data   RW          627    .data               delay.o
    0x200000ca   COMPRESSED   0x00000002   PAD
    0x200000cc   COMPRESSED   0x00000006   Data   RW          659    .data               usart.o
    0x200000d2   COMPRESSED   0x00000014   Data   RW          710    .data               stm32f10x_rcc.o
    0x200000e6   COMPRESSED   0x00000002   PAD
    0x200000e8   COMPRESSED   0x00000014   Data   RW          813    .data               malloc.o
    0x200000fc   COMPRESSED   0x00000089   Data   RW          966    .data               sim900a.o
    0x20000185   COMPRESSED   0x00000003   PAD
    0x20000188   COMPRESSED   0x00000004   Data   RW         1384    .data               mc_w.l(mvars.o)
    0x2000018c   COMPRESSED   0x00000004   Data   RW         1385    .data               mc_w.l(mvars.o)
    0x20000190   COMPRESSED   0x00000004   Data   RW         1389    .data               mc_w.l(errno.o)
    0x20000194        -       0x0000000e   Zero   RW          262    .bss                lcd.o
    0x200001a2        -       0x00000012   Zero   RW          292    .bss                spi.o
    0x200001b4   COMPRESSED   0x00000004   PAD
    0x200001b8        -       0x00000800   Zero   RW          435    .bss                usart2.o
    0x200009b8        -       0x00000800   Zero   RW          493    .bss                usart3.o
    0x200011b8        -       0x00000800   Zero   RW          512    .bss                usart4.o
    0x200019b8        -       0x0000000f   Zero   RW          531    .bss                cjson.o
    0x200019c7        -       0x000000c8   Zero   RW          658    .bss                usart.o
    0x20001a8f   COMPRESSED   0x00000001   PAD
    0x20001a90        -       0x00007700   Zero   RW          811    .bss                malloc.o
    0x20009190        -       0x00000021   Zero   RW          927    .bss                fontupd.o
    0x200091b1        -       0x000000c1   Zero   RW          963    .bss                sim900a.o
    0x20009272   COMPRESSED   0x00000006   PAD
    0x20009278        -       0x00002800   Zero   RW          691    HEAP                startup_stm32f10x_hd.o
    0x2000ba78        -       0x00000400   Zero   RW          690    STACK               startup_stm32f10x_hd.o


==============================================================================

Image component sizes


      Code (inc. data)   RO Data    RW Data    ZI Data      Debug   Object Name

       378          0          0          0          0       2926   24cxx.o
      8348        162          0         20         15      40318   cjson.o
       608         18          0          0          0       2085   ctiic.o
       212         18          0          4          0       1163   delay.o
         0          0          0          0          0       2616   exfuns.o
       960         16          0          2          0       5012   flash.o
         0          0          0          0         33       1521   fontupd.o
       820         36         10          1          0       2719   ft5206.o
       996         70        194          1          0       3122   gt9147.o
        62          0          0          0          0        878   iwdg.o
       252         16          0          1          0        900   key.o
     22598        208       6080          4         14      25311   lcd.o
      4164        722          0         11          0      10044   lcd_u4.o
       160         10          0          0          0        727   led.o
       488         50          0          0          0     292143   main.o
       416          6          0         20      30464       4233   malloc.o
      2372        264          0         64          0       5272   md5.o
       220         22          0          0          0       1921   misc.o
       204         12        960          0          0       1733   mycc936.o
       600         12          0          0          0       1936   myiic.o
       876         56         10          1          0       2879   ott2001a.o
     13540       3096        285        137        193      21438   sim900a.o
       232         12          0          0         18       1425   spi.o
        36          8        304          0      11264        836   startup_stm32f10x_hd.o
       596          8          0          0          0       4486   stm32f10x_dma.o
       860         38          0          0          0       5853   stm32f10x_gpio.o
        26          0          0          0          0       1242   stm32f10x_it.o
        64          6          0          0          0       1337   stm32f10x_iwdg.o
       932         36          0         20          0       9092   stm32f10x_rcc.o
       780         14          0          0          0       6734   stm32f10x_spi.o
      3610         88          0          0          0      22960   stm32f10x_tim.o
      1032         22          0          0          0       8580   stm32f10x_usart.o
         0          0          0          0          0         32   sys.o
       480         38          0         20          0       1923   system_stm32f10x.o
       724         16          0          0          0       3208   text.o
       320         20          0          2          0       1633   timer.o
      3236        202        133         60          0       6979   touch.o
       320         16          0          6        200       3354   usart.o
       632         28          0          2       2048       3897   usart2.o
       588         20          0          2       2048       3199   usart3.o
       520         16          0          2       2048       3156   usart4.o

    ----------------------------------------------------------------------
     73272       5382       8016        392      48356     520823   Object Totals
         0          0         32          0          0          0   (incl. Generated)
        10          0          8         12         11          0   (incl. Padding)

    ----------------------------------------------------------------------

      Code (inc. data)   RO Data    RW Data    ZI Data      Debug   Library Member Name

        76          0          0          0          0         84   sqrt.o
        28          0          0          0          0         80   strtod.o
        56          8          0          0          0         84   __0sscanf.o
        86          0          0          0          0          0   __dczerorl2.o
       812          4          0          0          0        112   _scanf.o
        64          0          0          0          0         84   _sgetc.o
        40          6         64          0          0         68   ctype_c.o
         0          0          0          0          0          0   entry.o
         0          0          0          0          0          0   entry10a.o
         0          0          0          0          0          0   entry11a.o
         8          4          0          0          0          0   entry2.o
         4          0          0          0          0          0   entry5.o
         0          0          0          0          0          0   entry7b.o
         0          0          0          0          0          0   entry8b.o
         8          4          0          0          0          0   entry9a.o
        12          6          0          4          0         68   errno.o
        30          0          0          0          0          0   handlers.o
        36          8          0          0          0         68   init.o
        10          0          0          0          0         68   isspace_c.o
         0          0          0          0          0          0   iusefp.o
        30          0          0          0          0         68   llshl.o
        36          0          0          0          0         68   llsshr.o
        32          0          0          0          0         68   llushr.o
       360         30          0          0          0        356   mallocr.o
        36          0          0          0          0         68   memcpya.o
        36          0          0          0          0        108   memseta.o
         0          0          0          8          0          0   mvars.o
      2344        102          0          0          0        684   printfa.o
        40          8          0          0          0         84   scanf_char.o
       878         12          0          0          0        216   scanf_fp.o
        20          0          0          0          0         68   strchr.o
        28          0          0          0          0         76   strcmp.o
        18          0          0          0          0         68   strcpy.o
        14          0          0          0          0         68   strlen.o
        30          0          0          0          0         80   strncmp.o
        32          0          0          0          0         68   strrchr.o
        36          0          0          0          0         80   strstr.o
       156         12          0          0          0        120   strtod.o
        12          0          0          0          0         68   tolower.o
        12          0          0          0          0         68   toupper.o
        44          0          0          0          0         80   uidiv.o
        98          0          0          0          0         92   uldiv.o
        48          0          0          0          0         68   cdcmple.o
        48          0          0          0          0         68   cdrcmple.o
        56          0          0          0          0         88   d2f.o
       334          0          0          0          0        148   dadd.o
       222          0          0          0          0        100   ddiv.o
       186          0          0          0          0        176   depilogue.o
        62          0          0          0          0         80   dfixi.o
        50          0          0          0          0         76   dfixui.o
        48          0          0          0          0         68   dfixul.o
        34          0          0          0          0         76   dflti.o
        26          0          0          0          0         76   dfltui.o
        24          0          0          0          0         76   dfltul.o
       228          0          0          0          0         96   dmul.o
       162          0          0          0          0        100   dsqrt.o
        38          0          0          0          0         68   f2d.o
       176          0          0          0          0        140   fadd.o
       124          0          0          0          0         88   fdiv.o
       110          0          0          0          0        168   fepilogue.o
        50          0          0          0          0         68   ffixi.o
        40          0          0          0          0         68   ffixui.o
        18          0          0          0          0         68   fflti.o
        10          0          0          0          0         68   ffltui.o
       100          0          0          0          0         76   fmul.o

    ----------------------------------------------------------------------
      7768        204         64         12          0       5480   Library Totals
        12          0          0          0          0          0   (incl. Padding)

    ----------------------------------------------------------------------

      Code (inc. data)   RO Data    RW Data    ZI Data      Debug   Library Name

       104          0          0          0          0        164   m_ws.l
      5458        204         64         12          0       3208   mc_w.l
      2194          0          0          0          0       2108   mf_w.l

    ----------------------------------------------------------------------
      7768        204         64         12          0       5480   Library Totals

    ----------------------------------------------------------------------

==============================================================================


      Code (inc. data)   RO Data    RW Data    ZI Data      Debug   

     81040       5586       8080        404      48356     520295   Grand Totals
     81040       5586       8080        144      48356     520295   ELF Image Totals (compressed)
     81040       5586       8080        144          0          0   ROM Totals

==============================================================================

    Total RO  Size (Code + RO Data)                89120 (  87.03kB)
    Total RW  Size (RW Data + ZI Data)             48760 (  47.62kB)
    Total ROM Size (Code + RO Data + RW Data)      89264 (  87.17kB)

==============================================================================

